[data] N=2689  papers=6
[filter] local-only eligible MSUs: 2689/2689 categories=ALL, min_rank=-1
[cand] 30000 cross-paper candidate pairs in cosine[0.55,0.95]
[coverage] 2686/2689 eligible MSUs occur in at least one submitted pair
[judge] 10/30000  kept=8
[judge] 20/30000  kept=16
[judge] 30/30000  kept=24
[judge] 40/30000  kept=30
[judge] 50/30000  kept=37
[judge] 60/30000  kept=43
[judge] 70/30000  kept=49
[judge] 80/30000  kept=54
[judge] 90/30000  kept=61
[judge] 100/30000  kept=68
[judge] 110/30000  kept=72
[judge] 120/30000  kept=79
[judge] 130/30000  kept=87
[judge] 140/30000  kept=91
[judge] 150/30000  kept=96
[judge] 160/30000  kept=102
[judge] 170/30000  kept=105
[judge] 180/30000  kept=111
[judge] 190/30000  kept=118
[judge] 200/30000  kept=124
[judge] 210/30000  kept=130
[judge] 220/30000  kept=134
[judge] 230/30000  kept=138
[judge] 240/30000  kept=143
[judge] 250/30000  kept=149
[judge] 260/30000  kept=154
[judge] 270/30000  kept=161
[judge] 280/30000  kept=167
[judge] 290/30000  kept=172
[judge] 300/30000  kept=176
[judge] 310/30000  kept=182
[judge] 320/30000  kept=186
[judge] 330/30000  kept=192
[judge] 340/30000  kept=196
[judge] 350/30000  kept=200
[judge] 360/30000  kept=203
[judge] 370/30000  kept=208
[judge] 380/30000  kept=213
[judge] 390/30000  kept=220
[judge] 400/30000  kept=225
[judge] 410/30000  kept=229
[judge] 420/30000  kept=235
[judge] 430/30000  kept=242
[judge] 440/30000  kept=249
[judge] 450/30000  kept=254
[judge] 460/30000  kept=259
[judge] 470/30000  kept=261
[judge] 480/30000  kept=265
[judge] 490/30000  kept=270
[judge] 500/30000  kept=273
[judge] 510/30000  kept=278
[judge] 520/30000  kept=283
[judge] 530/30000  kept=288
[judge] 540/30000  kept=293
[judge] 550/30000  kept=298
[judge] 560/30000  kept=305
[judge] 570/30000  kept=308
[judge] 580/30000  kept=313
[judge] 590/30000  kept=317
[judge] 600/30000  kept=320
[judge] 610/30000  kept=323
[judge] 620/30000  kept=327
[judge] 630/30000  kept=332
[judge] 640/30000  kept=337
[judge] 650/30000  kept=341
[judge] 660/30000  kept=345
[judge] 670/30000  kept=350
[judge] 680/30000  kept=355
[judge] 690/30000  kept=359
[judge] 700/30000  kept=363
[judge] 710/30000  kept=367
[judge] 720/30000  kept=371
[judge] 730/30000  kept=374
[judge] 740/30000  kept=381
[judge] 750/30000  kept=386
[judge] 760/30000  kept=388
[judge] 770/30000  kept=392
[judge] 780/30000  kept=395
[judge] 790/30000  kept=399
[judge] 800/30000  kept=403
[judge] 810/30000  kept=407
[judge] 820/30000  kept=409
[judge] 830/30000  kept=412
[judge] 840/30000  kept=417
[judge] 850/30000  kept=421
[judge] 860/30000  kept=424
[judge] 870/30000  kept=427
[judge] 880/30000  kept=431
[judge] 890/30000  kept=438
[judge] 900/30000  kept=442
[judge] 910/30000  kept=445
[judge] 920/30000  kept=450
[judge] 930/30000  kept=453
[judge] 940/30000  kept=456
[judge] 950/30000  kept=460
[judge] 960/30000  kept=464
[judge] 970/30000  kept=468
[judge] 980/30000  kept=472
[judge] 990/30000  kept=478
[judge] 1000/30000  kept=481
[judge] 1010/30000  kept=484
[judge] 1020/30000  kept=490
[judge] 1030/30000  kept=494
[judge] 1040/30000  kept=499
[judge] 1050/30000  kept=501
[judge] 1060/30000  kept=505
[judge] 1070/30000  kept=508
[judge] 1080/30000  kept=513
[judge] 1090/30000  kept=515
[judge] 1100/30000  kept=518
[judge] 1110/30000  kept=521
[judge] 1120/30000  kept=525
[judge] 1130/30000  kept=531
[judge] 1140/30000  kept=534
[judge] 1150/30000  kept=538
[judge] 1160/30000  kept=542
[judge] 1170/30000  kept=546
[judge] 1180/30000  kept=551
[judge] 1190/30000  kept=555
[judge] 1200/30000  kept=559
[judge] 1210/30000  kept=564
[judge] 1220/30000  kept=567
[judge] 1230/30000  kept=573
[judge] 1240/30000  kept=577
[judge] 1250/30000  kept=582
[judge] 1260/30000  kept=586
[judge] 1270/30000  kept=589
[judge] 1280/30000  kept=593
[judge] 1290/30000  kept=598
[judge] 1300/30000  kept=600
[judge] 1310/30000  kept=605
[judge] 1320/30000  kept=609
[judge] 1330/30000  kept=612
[judge] 1340/30000  kept=617
[judge] 1350/30000  kept=621
[judge] 1360/30000  kept=623
[judge] 1370/30000  kept=625
[judge] 1380/30000  kept=629
[judge] 1390/30000  kept=634
[judge] 1400/30000  kept=637
[judge] 1410/30000  kept=641
[judge] 1420/30000  kept=645
[judge] 1430/30000  kept=649
[judge] 1440/30000  kept=651
[judge] 1450/30000  kept=656
[judge] 1460/30000  kept=660
[judge] 1470/30000  kept=663
[judge] 1480/30000  kept=668
[judge] 1490/30000  kept=670
[judge] 1500/30000  kept=673
[judge] 1510/30000  kept=675
[judge] 1520/30000  kept=680
[judge] 1530/30000  kept=683
[judge] 1540/30000  kept=687
[judge] 1550/30000  kept=691
[judge] 1560/30000  kept=695
[judge] 1570/30000  kept=699
[judge] 1580/30000  kept=704
[judge] 1590/30000  kept=707
[judge] 1600/30000  kept=711
[judge] 1610/30000  kept=714
[judge] 1620/30000  kept=716
[judge] 1630/30000  kept=722
[judge] 1640/30000  kept=725
[judge] 1650/30000  kept=732
[judge] 1660/30000  kept=735
[judge] 1670/30000  kept=737
[judge] 1680/30000  kept=740
[judge] 1690/30000  kept=745
[judge] 1700/30000  kept=749
[judge] 1710/30000  kept=752
[judge] 1720/30000  kept=755
[judge] 1730/30000  kept=758
[judge] 1740/30000  kept=762
[judge] 1750/30000  kept=766
[judge] 1760/30000  kept=770
[judge] 1770/30000  kept=773
[judge] 1780/30000  kept=776
[judge] 1790/30000  kept=777
[judge] 1800/30000  kept=781
[judge] 1810/30000  kept=783
[judge] 1820/30000  kept=786
[judge] 1830/30000  kept=792
[judge] 1840/30000  kept=795
[judge] 1850/30000  kept=799
[judge] 1860/30000  kept=803
[judge] 1870/30000  kept=808
[judge] 1880/30000  kept=812
[judge] 1890/30000  kept=815
[judge] 1900/30000  kept=817
[judge] 1910/30000  kept=821
[judge] 1920/30000  kept=825
[judge] 1930/30000  kept=829
[judge] 1940/30000  kept=831
[judge] 1950/30000  kept=834
[judge] 1960/30000  kept=838
[judge] 1970/30000  kept=841
[judge] 1980/30000  kept=846
[judge] 1990/30000  kept=849
[judge] 2000/30000  kept=852
[judge] 2010/30000  kept=855
[judge] 2020/30000  kept=860
[judge] 2030/30000  kept=863
[judge] 2040/30000  kept=866
[judge] 2050/30000  kept=869
[judge] 2060/30000  kept=872
[judge] 2070/30000  kept=875
[judge] 2080/30000  kept=877
[judge] 2090/30000  kept=883
[judge] 2100/30000  kept=887
[judge] 2110/30000  kept=890
[judge] 2120/30000  kept=893
[judge] 2130/30000  kept=895
[judge] 2140/30000  kept=898
[judge] 2150/30000  kept=902
[judge] 2160/30000  kept=906
[judge] 2170/30000  kept=908
[judge] 2180/30000  kept=911
[judge] 2190/30000  kept=916
[judge] 2200/30000  kept=919
[judge] 2210/30000  kept=922
[judge] 2220/30000  kept=926
[judge] 2230/30000  kept=931
[judge] 2240/30000  kept=933
[judge] 2250/30000  kept=937
[judge] 2260/30000  kept=940
[judge] 2270/30000  kept=943
[judge] 2280/30000  kept=948
[judge] 2290/30000  kept=951
[judge] 2300/30000  kept=955
[judge] 2310/30000  kept=958
[judge] 2320/30000  kept=962
[judge] 2330/30000  kept=966
[judge] 2340/30000  kept=970
[judge] 2350/30000  kept=973
[judge] 2360/30000  kept=978
[judge] 2370/30000  kept=984
[judge] 2380/30000  kept=987
[judge] 2390/30000  kept=991
[judge] 2400/30000  kept=995
[judge] 2410/30000  kept=999
[judge] 2420/30000  kept=1004
[judge] 2430/30000  kept=1007
[judge] 2440/30000  kept=1011
[judge] 2450/30000  kept=1015
[judge] 2460/30000  kept=1020
[judge] 2470/30000  kept=1024
[judge] 2480/30000  kept=1027
[judge] 2490/30000  kept=1031
[judge] 2500/30000  kept=1034
[judge] 2510/30000  kept=1037
[judge] 2520/30000  kept=1042
[judge] 2530/30000  kept=1045
[judge] 2540/30000  kept=1050
[judge] 2550/30000  kept=1054
[judge] 2560/30000  kept=1057
[judge] 2570/30000  kept=1059
[judge] 2580/30000  kept=1064
[judge] 2590/30000  kept=1068
[judge] 2600/30000  kept=1073
[judge] 2610/30000  kept=1075
[judge] 2620/30000  kept=1078
[judge] 2630/30000  kept=1081
[judge] 2640/30000  kept=1085
[judge] 2650/30000  kept=1089
[judge] 2660/30000  kept=1093
[judge] 2670/30000  kept=1096
[judge] 2680/30000  kept=1102
[judge] 2690/30000  kept=1105
[judge] 2700/30000  kept=1109
[judge] 2710/30000  kept=1112
[judge] 2720/30000  kept=1116
[judge] 2730/30000  kept=1119
[judge] 2740/30000  kept=1123
[judge] 2750/30000  kept=1125
[judge] 2760/30000  kept=1129
[judge] 2770/30000  kept=1132
[judge] 2780/30000  kept=1136
[judge] 2790/30000  kept=1139
[judge] 2800/30000  kept=1142
[judge] 2810/30000  kept=1146
[judge] 2820/30000  kept=1151
[judge] 2830/30000  kept=1155
[judge] 2840/30000  kept=1159
[judge] 2850/30000  kept=1162
[judge] 2860/30000  kept=1166
[judge] 2870/30000  kept=1168
[judge] 2880/30000  kept=1171
[judge] 2890/30000  kept=1175
[judge] 2900/30000  kept=1178
[judge] 2910/30000  kept=1180
[judge] 2920/30000  kept=1183
[judge] 2930/30000  kept=1186
[judge] 2940/30000  kept=1189
[judge] 2950/30000  kept=1191
[judge] 2960/30000  kept=1194
[judge] 2970/30000  kept=1197
[judge] 2980/30000  kept=1201
[judge] 2990/30000  kept=1206
[judge] 3000/30000  kept=1210
[judge] 3010/30000  kept=1214
[judge] 3020/30000  kept=1218
[judge] 3030/30000  kept=1222
[judge] 3040/30000  kept=1227
[judge] 3050/30000  kept=1230
[judge] 3060/30000  kept=1231
[judge] 3070/30000  kept=1233
[judge] 3080/30000  kept=1237
[judge] 3090/30000  kept=1240
[judge] 3100/30000  kept=1245
[judge] 3110/30000  kept=1249
[judge] 3120/30000  kept=1251
[judge] 3130/30000  kept=1253
[judge] 3140/30000  kept=1258
[judge] 3150/30000  kept=1260
[judge] 3160/30000  kept=1263
[judge] 3170/30000  kept=1266
[judge] 3180/30000  kept=1269
[judge] 3190/30000  kept=1272
[judge] 3200/30000  kept=1275
[judge] 3210/30000  kept=1278
[judge] 3220/30000  kept=1281
[judge] 3230/30000  kept=1285
[judge] 3240/30000  kept=1288
[judge] 3250/30000  kept=1291
[judge] 3260/30000  kept=1294
[judge] 3270/30000  kept=1296
[judge] 3280/30000  kept=1300
[judge] 3290/30000  kept=1304
[judge] 3300/30000  kept=1308
[judge] 3310/30000  kept=1311
[judge] 3320/30000  kept=1315
[judge] 3330/30000  kept=1320
[judge] 3340/30000  kept=1324
[judge] 3350/30000  kept=1326
[judge] 3360/30000  kept=1329
[judge] 3370/30000  kept=1331
[judge] 3380/30000  kept=1334
[judge] 3390/30000  kept=1337
[judge] 3400/30000  kept=1341
[judge] 3410/30000  kept=1344
[judge] 3420/30000  kept=1346
[judge] 3430/30000  kept=1349
[judge] 3440/30000  kept=1352
[judge] 3450/30000  kept=1356
[judge] 3460/30000  kept=1359
[judge] 3470/30000  kept=1363
[judge] 3480/30000  kept=1367
[judge] 3490/30000  kept=1371
[judge] 3500/30000  kept=1374
[judge] 3510/30000  kept=1377
[judge] 3520/30000  kept=1378
[judge] 3530/30000  kept=1381
[judge] 3540/30000  kept=1384
[judge] 3550/30000  kept=1386
[judge] 3560/30000  kept=1389
[judge] 3570/30000  kept=1391
[judge] 3580/30000  kept=1396
[judge] 3590/30000  kept=1399
[judge] 3600/30000  kept=1402
[judge] 3610/30000  kept=1406
[judge] 3620/30000  kept=1409
[judge] 3630/30000  kept=1411
[judge] 3640/30000  kept=1416
[judge] 3650/30000  kept=1421
[judge] 3660/30000  kept=1426
[judge] 3670/30000  kept=1428
[judge] 3680/30000  kept=1431
[judge] 3690/30000  kept=1435
[judge] 3700/30000  kept=1439
[judge] 3710/30000  kept=1443
[judge] 3720/30000  kept=1448
[judge] 3730/30000  kept=1453
[judge] 3740/30000  kept=1456
[judge] 3750/30000  kept=1461
[judge] 3760/30000  kept=1465
[judge] 3770/30000  kept=1468
[judge] 3780/30000  kept=1470
[judge] 3790/30000  kept=1474
[judge] 3800/30000  kept=1475
[judge] 3810/30000  kept=1478
[judge] 3820/30000  kept=1481
[judge] 3830/30000  kept=1485
[judge] 3840/30000  kept=1488
[judge] 3850/30000  kept=1491
[judge] 3860/30000  kept=1494
[judge] 3870/30000  kept=1496
[judge] 3880/30000  kept=1499
[judge] 3890/30000  kept=1502
[judge] 3900/30000  kept=1504
[judge] 3910/30000  kept=1508
[judge] 3920/30000  kept=1513
[judge] 3930/30000  kept=1517
[judge] 3940/30000  kept=1520
[judge] 3950/30000  kept=1525
[judge] 3960/30000  kept=1528
[judge] 3970/30000  kept=1530
[judge] 3980/30000  kept=1533
[judge] 3990/30000  kept=1537
[judge] 4000/30000  kept=1539
[judge] 4010/30000  kept=1542
[judge] 4020/30000  kept=1546
[judge] 4030/30000  kept=1548
[judge] 4040/30000  kept=1551
[judge] 4050/30000  kept=1553
[judge] 4060/30000  kept=1556
[judge] 4070/30000  kept=1559
[judge] 4080/30000  kept=1562
[judge] 4090/30000  kept=1566
[judge] 4100/30000  kept=1569
[judge] 4110/30000  kept=1571
[judge] 4120/30000  kept=1574
[judge] 4130/30000  kept=1577
[judge] 4140/30000  kept=1579
[judge] 4150/30000  kept=1583
[judge] 4160/30000  kept=1586
[judge] 4170/30000  kept=1591
[judge] 4180/30000  kept=1594
[judge] 4190/30000  kept=1598
[judge] 4200/30000  kept=1603
[judge] 4210/30000  kept=1606
[judge] 4220/30000  kept=1612
[judge] 4230/30000  kept=1617
[judge] 4240/30000  kept=1620
[judge] 4250/30000  kept=1623
[judge] 4260/30000  kept=1625
[judge] 4270/30000  kept=1628
[judge] 4280/30000  kept=1631
[judge] 4290/30000  kept=1634
[judge] 4300/30000  kept=1637
[judge] 4310/30000  kept=1639
[judge] 4320/30000  kept=1643
[judge] 4330/30000  kept=1647
[judge] 4340/30000  kept=1651
[judge] 4350/30000  kept=1654
[judge] 4360/30000  kept=1657
[judge] 4370/30000  kept=1660
[judge] 4380/30000  kept=1664
[judge] 4390/30000  kept=1667
[judge] 4400/30000  kept=1669
[judge] 4410/30000  kept=1673
[judge] 4420/30000  kept=1675
[judge] 4430/30000  kept=1678
[judge] 4440/30000  kept=1681
[judge] 4450/30000  kept=1683
[judge] 4460/30000  kept=1686
[judge] 4470/30000  kept=1689
[judge] 4480/30000  kept=1693
[judge] 4490/30000  kept=1697
[judge] 4500/30000  kept=1699
[judge] 4510/30000  kept=1705
[judge] 4520/30000  kept=1709
[judge] 4530/30000  kept=1711
[judge] 4540/30000  kept=1714
[judge] 4550/30000  kept=1717
[judge] 4560/30000  kept=1719
[judge] 4570/30000  kept=1723
[judge] 4580/30000  kept=1725
[judge] 4590/30000  kept=1729
[judge] 4600/30000  kept=1732
[judge] 4610/30000  kept=1735
[judge] 4620/30000  kept=1739
[judge] 4630/30000  kept=1741
[judge] 4640/30000  kept=1742
[judge] 4650/30000  kept=1745
[judge] 4660/30000  kept=1747
[judge] 4670/30000  kept=1749
[judge] 4680/30000  kept=1752
[judge] 4690/30000  kept=1756
[judge] 4700/30000  kept=1758
[judge] 4710/30000  kept=1760
[judge] 4720/30000  kept=1764
[judge] 4730/30000  kept=1768
[judge] 4740/30000  kept=1770
[judge] 4750/30000  kept=1774
[judge] 4760/30000  kept=1778
[judge] 4770/30000  kept=1781
[judge] 4780/30000  kept=1785
[judge] 4790/30000  kept=1788
[judge] 4800/30000  kept=1792
[judge] 4810/30000  kept=1794
[judge] 4820/30000  kept=1798
[judge] 4830/30000  kept=1801
[judge] 4840/30000  kept=1804
[judge] 4850/30000  kept=1806
[judge] 4860/30000  kept=1810
[judge] 4870/30000  kept=1814
[judge] 4880/30000  kept=1817
[judge] 4890/30000  kept=1819
[judge] 4900/30000  kept=1821
[judge] 4910/30000  kept=1824
[judge] 4920/30000  kept=1829
[judge] 4930/30000  kept=1833
[judge] 4940/30000  kept=1836
[judge] 4950/30000  kept=1840
[judge] 4960/30000  kept=1842
[judge] 4970/30000  kept=1846
[judge] 4980/30000  kept=1850
[judge] 4990/30000  kept=1852
[judge] 5000/30000  kept=1857
[judge] 5010/30000  kept=1861
[judge] 5020/30000  kept=1865
[judge] 5030/30000  kept=1869
[judge] 5040/30000  kept=1871
[judge] 5050/30000  kept=1874
[judge] 5060/30000  kept=1877
[judge] 5070/30000  kept=1879
[judge] 5080/30000  kept=1883
[judge] 5090/30000  kept=1889
[judge] 5100/30000  kept=1893
[judge] 5110/30000  kept=1897
[judge] 5120/30000  kept=1901
[judge] 5130/30000  kept=1905
[judge] 5140/30000  kept=1908
[judge] 5150/30000  kept=1912
[judge] 5160/30000  kept=1915
[judge] 5170/30000  kept=1919
[judge] 5180/30000  kept=1921
[judge] 5190/30000  kept=1924
[judge] 5200/30000  kept=1928
[judge] 5210/30000  kept=1933
[judge] 5220/30000  kept=1936
[judge] 5230/30000  kept=1937
[judge] 5240/30000  kept=1941
[judge] 5250/30000  kept=1941
[judge] 5260/30000  kept=1944
[judge] 5270/30000  kept=1946
[judge] 5280/30000  kept=1950
[judge] 5290/30000  kept=1954
[judge] 5300/30000  kept=1956
[judge] 5310/30000  kept=1960
[judge] 5320/30000  kept=1966
[judge] 5330/30000  kept=1969
[judge] 5340/30000  kept=1972
[judge] 5350/30000  kept=1975
[judge] 5360/30000  kept=1980
[judge] 5370/30000  kept=1985
[judge] 5380/30000  kept=1987
[judge] 5390/30000  kept=1989
[judge] 5400/30000  kept=1992
[judge] 5410/30000  kept=1994
[judge] 5420/30000  kept=1998
[judge] 5430/30000  kept=2001
[judge] 5440/30000  kept=2006
[judge] 5450/30000  kept=2010
[judge] 5460/30000  kept=2014
[judge] 5470/30000  kept=2018
[judge] 5480/30000  kept=2022
[judge] 5490/30000  kept=2024
[judge] 5500/30000  kept=2028
[judge] 5510/30000  kept=2032
[judge] 5520/30000  kept=2035
[judge] 5530/30000  kept=2038
[judge] 5540/30000  kept=2042
[judge] 5550/30000  kept=2046
[judge] 5560/30000  kept=2048
[judge] 5570/30000  kept=2051
[judge] 5580/30000  kept=2054
[judge] 5590/30000  kept=2058
[judge] 5600/30000  kept=2061
[judge] 5610/30000  kept=2064
[judge] 5620/30000  kept=2067
[judge] 5630/30000  kept=2070
[judge] 5640/30000  kept=2075
[judge] 5650/30000  kept=2078
[judge] 5660/30000  kept=2081
[judge] 5670/30000  kept=2084
[judge] 5680/30000  kept=2089
[judge] 5690/30000  kept=2094
[judge] 5700/30000  kept=2099
[judge] 5710/30000  kept=2104
[judge] 5720/30000  kept=2107
[judge] 5730/30000  kept=2112
[judge] 5740/30000  kept=2117
[judge] 5750/30000  kept=2120
[judge] 5760/30000  kept=2122
[judge] 5770/30000  kept=2123
[judge] 5780/30000  kept=2126
[judge] 5790/30000  kept=2130
[judge] 5800/30000  kept=2133
[judge] 5810/30000  kept=2137
[judge] 5820/30000  kept=2140
[judge] 5830/30000  kept=2142
[judge] 5840/30000  kept=2146
[judge] 5850/30000  kept=2148
[judge] 5860/30000  kept=2153
[judge] 5870/30000  kept=2155
[judge] 5880/30000  kept=2158
[judge] 5890/30000  kept=2160
[judge] 5900/30000  kept=2165
[judge] 5910/30000  kept=2168
[judge] 5920/30000  kept=2172
[judge] 5930/30000  kept=2176
[judge] 5940/30000  kept=2180
[judge] 5950/30000  kept=2183
[judge] 5960/30000  kept=2186
[judge] 5970/30000  kept=2189
[judge] 5980/30000  kept=2191
[judge] 5990/30000  kept=2194
[judge] 6000/30000  kept=2197
[judge] 6010/30000  kept=2199
[judge] 6020/30000  kept=2202
[judge] 6030/30000  kept=2205
[judge] 6040/30000  kept=2208
[judge] 6050/30000  kept=2210
[judge] 6060/30000  kept=2213
[judge] 6070/30000  kept=2217
[judge] 6080/30000  kept=2219
[judge] 6090/30000  kept=2222
[judge] 6100/30000  kept=2224
[judge] 6110/30000  kept=2227
[judge] 6120/30000  kept=2229
[judge] 6130/30000  kept=2232
[judge] 6140/30000  kept=2235
[judge] 6150/30000  kept=2238
[judge] 6160/30000  kept=2243
[judge] 6170/30000  kept=2247
[judge] 6180/30000  kept=2250
[judge] 6190/30000  kept=2252
[judge] 6200/30000  kept=2256
[judge] 6210/30000  kept=2259
[judge] 6220/30000  kept=2264
[judge] 6230/30000  kept=2266
[judge] 6240/30000  kept=2270
[judge] 6250/30000  kept=2271
[judge] 6260/30000  kept=2275
[judge] 6270/30000  kept=2278
[judge] 6280/30000  kept=2283
[judge] 6290/30000  kept=2288
[judge] 6300/30000  kept=2291
[judge] 6310/30000  kept=2294
[judge] 6320/30000  kept=2296
[judge] 6330/30000  kept=2299
[judge] 6340/30000  kept=2302
[judge] 6350/30000  kept=2304
[judge] 6360/30000  kept=2307
[judge] 6370/30000  kept=2310
[judge] 6380/30000  kept=2313
[judge] 6390/30000  kept=2316
[judge] 6400/30000  kept=2320
[judge] 6410/30000  kept=2321
[judge] 6420/30000  kept=2323
[judge] 6430/30000  kept=2326
[judge] 6440/30000  kept=2329
[judge] 6450/30000  kept=2331
[judge] 6460/30000  kept=2333
[judge] 6470/30000  kept=2335
[judge] 6480/30000  kept=2339
[judge] 6490/30000  kept=2342
[judge] 6500/30000  kept=2343
[judge] 6510/30000  kept=2343
[judge] 6520/30000  kept=2347
[judge] 6530/30000  kept=2349
[judge] 6540/30000  kept=2352
[judge] 6550/30000  kept=2355
[judge] 6560/30000  kept=2359
[judge] 6570/30000  kept=2363
[judge] 6580/30000  kept=2366
[judge] 6590/30000  kept=2369
[judge] 6600/30000  kept=2372
[judge] 6610/30000  kept=2375
[judge] 6620/30000  kept=2378
[judge] 6630/30000  kept=2382
[judge] 6640/30000  kept=2385
[judge] 6650/30000  kept=2387
[judge] 6660/30000  kept=2391
[judge] 6670/30000  kept=2396
[judge] 6680/30000  kept=2399
[judge] 6690/30000  kept=2404
[judge] 6700/30000  kept=2407
[judge] 6710/30000  kept=2410
[judge] 6720/30000  kept=2411
[judge] 6730/30000  kept=2415
[judge] 6740/30000  kept=2419
[judge] 6750/30000  kept=2422
[judge] 6760/30000  kept=2425
[judge] 6770/30000  kept=2428
[judge] 6780/30000  kept=2430
[judge] 6790/30000  kept=2431
[judge] 6800/30000  kept=2435
[judge] 6810/30000  kept=2438
[judge] 6820/30000  kept=2441
[judge] 6830/30000  kept=2442
[judge] 6840/30000  kept=2443
[judge] 6850/30000  kept=2446
[judge] 6860/30000  kept=2450
[judge] 6870/30000  kept=2453
[judge] 6880/30000  kept=2456
[judge] 6890/30000  kept=2461
[judge] 6900/30000  kept=2464
[judge] 6910/30000  kept=2468
[judge] 6920/30000  kept=2471
[judge] 6930/30000  kept=2473
[judge] 6940/30000  kept=2474
[judge] 6950/30000  kept=2476
[judge] 6960/30000  kept=2479
[judge] 6970/30000  kept=2481
[judge] 6980/30000  kept=2486
[judge] 6990/30000  kept=2489
[judge] 7000/30000  kept=2492
[judge] 7010/30000  kept=2494
[judge] 7020/30000  kept=2496
[judge] 7030/30000  kept=2500
[judge] 7040/30000  kept=2502
[judge] 7050/30000  kept=2505
[judge] 7060/30000  kept=2508
[judge] 7070/30000  kept=2511
[judge] 7080/30000  kept=2515
[judge] 7090/30000  kept=2519
[judge] 7100/30000  kept=2522
[judge] 7110/30000  kept=2525
[judge] 7120/30000  kept=2527
[judge] 7130/30000  kept=2528
[judge] 7140/30000  kept=2530
[judge] 7150/30000  kept=2535
[judge] 7160/30000  kept=2536
[judge] 7170/30000  kept=2537
[judge] 7180/30000  kept=2539
[judge] 7190/30000  kept=2543
[judge] 7200/30000  kept=2546
[judge] 7210/30000  kept=2548
[judge] 7220/30000  kept=2551
[judge] 7230/30000  kept=2553
[judge] 7240/30000  kept=2558
[judge] 7250/30000  kept=2561
[judge] 7260/30000  kept=2562
[judge] 7270/30000  kept=2564
[judge] 7280/30000  kept=2566
[judge] 7290/30000  kept=2570
[judge] 7300/30000  kept=2574
[judge] 7310/30000  kept=2577
[judge] 7320/30000  kept=2580
[judge] 7330/30000  kept=2582
[judge] 7340/30000  kept=2585
[judge] 7350/30000  kept=2587
[judge] 7360/30000  kept=2592
[judge] 7370/30000  kept=2594
[judge] 7380/30000  kept=2596
[judge] 7390/30000  kept=2598
[judge] 7400/30000  kept=2603
[judge] 7410/30000  kept=2607
[judge] 7420/30000  kept=2610
[judge] 7430/30000  kept=2613
[judge] 7440/30000  kept=2616
[judge] 7450/30000  kept=2617
[judge] 7460/30000  kept=2620
[judge] 7470/30000  kept=2623
[judge] 7480/30000  kept=2626
[judge] 7490/30000  kept=2630
[judge] 7500/30000  kept=2633
[judge] 7510/30000  kept=2635
[judge] 7520/30000  kept=2639
[judge] 7530/30000  kept=2642
[judge] 7540/30000  kept=2647
[judge] 7550/30000  kept=2650
[judge] 7560/30000  kept=2654
[judge] 7570/30000  kept=2659
[judge] 7580/30000  kept=2662
[judge] 7590/30000  kept=2664
[judge] 7600/30000  kept=2669
[judge] 7610/30000  kept=2671
[judge] 7620/30000  kept=2675
[judge] 7630/30000  kept=2678
[judge] 7640/30000  kept=2680
[judge] 7650/30000  kept=2683
[judge] 7660/30000  kept=2686
[judge] 7670/30000  kept=2688
[judge] 7680/30000  kept=2691
[judge] 7690/30000  kept=2693
[judge] 7700/30000  kept=2697
[judge] 7710/30000  kept=2701
[judge] 7720/30000  kept=2703
[judge] 7730/30000  kept=2706
[judge] 7740/30000  kept=2708
[judge] 7750/30000  kept=2712
[judge] 7760/30000  kept=2713
[judge] 7770/30000  kept=2716
[judge] 7780/30000  kept=2720
[judge] 7790/30000  kept=2725
[judge] 7800/30000  kept=2730
[judge] 7810/30000  kept=2731
[judge] 7820/30000  kept=2733
[judge] 7830/30000  kept=2735
[judge] 7840/30000  kept=2739
[judge] 7850/30000  kept=2742
[judge] 7860/30000  kept=2745
[judge] 7870/30000  kept=2748
[judge] 7880/30000  kept=2750
[judge] 7890/30000  kept=2753
[judge] 7900/30000  kept=2755
[judge] 7910/30000  kept=2758
[judge] 7920/30000  kept=2762
[judge] 7930/30000  kept=2764
[judge] 7940/30000  kept=2765
[judge] 7950/30000  kept=2769
[judge] 7960/30000  kept=2771
[judge] 7970/30000  kept=2774
[judge] 7980/30000  kept=2776
[judge] 7990/30000  kept=2780
[judge] 8000/30000  kept=2783
[judge] 8010/30000  kept=2784
[judge] 8020/30000  kept=2787
[judge] 8030/30000  kept=2788
[judge] 8040/30000  kept=2789
[judge] 8050/30000  kept=2794
[judge] 8060/30000  kept=2797
[judge] 8070/30000  kept=2799
[judge] 8080/30000  kept=2800
[judge] 8090/30000  kept=2802
[judge] 8100/30000  kept=2804
[judge] 8110/30000  kept=2807
[judge] 8120/30000  kept=2809
[judge] 8130/30000  kept=2814
[judge] 8140/30000  kept=2818
[judge] 8150/30000  kept=2821
[judge] 8160/30000  kept=2824
[judge] 8170/30000  kept=2827
[judge] 8180/30000  kept=2831
[judge] 8190/30000  kept=2833
[judge] 8200/30000  kept=2835
[judge] 8210/30000  kept=2836
[judge] 8220/30000  kept=2839
[judge] 8230/30000  kept=2842
[judge] 8240/30000  kept=2848
[judge] 8250/30000  kept=2850
[judge] 8260/30000  kept=2853
[judge] 8270/30000  kept=2855
[judge] 8280/30000  kept=2859
[judge] 8290/30000  kept=2862
[judge] 8300/30000  kept=2865
[judge] 8310/30000  kept=2868
[judge] 8320/30000  kept=2871
[judge] 8330/30000  kept=2873
[judge] 8340/30000  kept=2877
[judge] 8350/30000  kept=2880
[judge] 8360/30000  kept=2882
[judge] 8370/30000  kept=2884
[judge] 8380/30000  kept=2888
[judge] 8390/30000  kept=2891
[judge] 8400/30000  kept=2894
[judge] 8410/30000  kept=2895
[judge] 8420/30000  kept=2898
[judge] 8430/30000  kept=2901
[judge] 8440/30000  kept=2903
[judge] 8450/30000  kept=2906
[judge] 8460/30000  kept=2909
[judge] 8470/30000  kept=2911
[judge] 8480/30000  kept=2914
[judge] 8490/30000  kept=2916
[judge] 8500/30000  kept=2920
[judge] 8510/30000  kept=2922
[judge] 8520/30000  kept=2924
[judge] 8530/30000  kept=2928
[judge] 8540/30000  kept=2931
[judge] 8550/30000  kept=2934
[judge] 8560/30000  kept=2936
[judge] 8570/30000  kept=2939
[judge] 8580/30000  kept=2942
[judge] 8590/30000  kept=2945
[judge] 8600/30000  kept=2949
[judge] 8610/30000  kept=2952
[judge] 8620/30000  kept=2955
[judge] 8630/30000  kept=2958
[judge] 8640/30000  kept=2962
[judge] 8650/30000  kept=2965
[judge] 8660/30000  kept=2967
[judge] 8670/30000  kept=2972
[judge] 8680/30000  kept=2974
[judge] 8690/30000  kept=2976
[judge] 8700/30000  kept=2979
[judge] 8710/30000  kept=2983
[judge] 8720/30000  kept=2985
[judge] 8730/30000  kept=2989
[judge] 8740/30000  kept=2992
[judge] 8750/30000  kept=2996
[judge] 8760/30000  kept=2999
[judge] 8770/30000  kept=3002
[judge] 8780/30000  kept=3005
[judge] 8790/30000  kept=3009
[judge] 8800/30000  kept=3012
[judge] 8810/30000  kept=3016
[judge] 8820/30000  kept=3017
[judge] 8830/30000  kept=3019
[judge] 8840/30000  kept=3021
[judge] 8850/30000  kept=3022
[judge] 8860/30000  kept=3025
[judge] 8870/30000  kept=3027
[judge] 8880/30000  kept=3031
[judge] 8890/30000  kept=3034
[judge] 8900/30000  kept=3038
[judge] 8910/30000  kept=3042
[judge] 8920/30000  kept=3043
[judge] 8930/30000  kept=3045
[judge] 8940/30000  kept=3046
[judge] 8950/30000  kept=3048
[judge] 8960/30000  kept=3050
[judge] 8970/30000  kept=3053
[judge] 8980/30000  kept=3056
[judge] 8990/30000  kept=3059
[judge] 9000/30000  kept=3062
[judge] 9010/30000  kept=3063
[judge] 9020/30000  kept=3066
[judge] 9030/30000  kept=3067
[judge] 9040/30000  kept=3068
[judge] 9050/30000  kept=3072
[judge] 9060/30000  kept=3075
[judge] 9070/30000  kept=3077
[judge] 9080/30000  kept=3081
[judge] 9090/30000  kept=3084
[judge] 9100/30000  kept=3088
[judge] 9110/30000  kept=3089
[judge] 9120/30000  kept=3092
[judge] 9130/30000  kept=3096
[judge] 9140/30000  kept=3098
[judge] 9150/30000  kept=3099
[judge] 9160/30000  kept=3102
[judge] 9170/30000  kept=3105
[judge] 9180/30000  kept=3107
[judge] 9190/30000  kept=3110
[judge] 9200/30000  kept=3113
[judge] 9210/30000  kept=3115
[judge] 9220/30000  kept=3118
[judge] 9230/30000  kept=3119
[judge] 9240/30000  kept=3121
[judge] 9250/30000  kept=3123
[judge] 9260/30000  kept=3125
[judge] 9270/30000  kept=3127
[judge] 9280/30000  kept=3129
[judge] 9290/30000  kept=3130
[judge] 9300/30000  kept=3132
[judge] 9310/30000  kept=3133
[judge] 9320/30000  kept=3135
[judge] 9330/30000  kept=3137
[judge] 9340/30000  kept=3140
[judge] 9350/30000  kept=3144
[judge] 9360/30000  kept=3145
[judge] 9370/30000  kept=3147
[judge] 9380/30000  kept=3150
[judge] 9390/30000  kept=3154
[judge] 9400/30000  kept=3157
[judge] 9410/30000  kept=3158
[judge] 9420/30000  kept=3162
[judge] 9430/30000  kept=3165
[judge] 9440/30000  kept=3167
[judge] 9450/30000  kept=3169
[judge] 9460/30000  kept=3170
[judge] 9470/30000  kept=3173
[judge] 9480/30000  kept=3173
[judge] 9490/30000  kept=3174
[judge] 9500/30000  kept=3177
[judge] 9510/30000  kept=3179
[judge] 9520/30000  kept=3183
[judge] 9530/30000  kept=3185
[judge] 9540/30000  kept=3187
[judge] 9550/30000  kept=3190
[judge] 9560/30000  kept=3194
[judge] 9570/30000  kept=3196
[judge] 9580/30000  kept=3199
[judge] 9590/30000  kept=3201
[judge] 9600/30000  kept=3202
[judge] 9610/30000  kept=3203
[judge] 9620/30000  kept=3206
[judge] 9630/30000  kept=3209
[judge] 9640/30000  kept=3211
[judge] 9650/30000  kept=3213
[judge] 9660/30000  kept=3215
[judge] 9670/30000  kept=3216
[judge] 9680/30000  kept=3216
[judge] 9690/30000  kept=3218
[judge] 9700/30000  kept=3220
[judge] 9710/30000  kept=3220
[judge] 9720/30000  kept=3221
[judge] 9730/30000  kept=3223
[judge] 9740/30000  kept=3227
[judge] 9750/30000  kept=3229
[judge] 9760/30000  kept=3231
[judge] 9770/30000  kept=3232
[judge] 9780/30000  kept=3236
[judge] 9790/30000  kept=3237
[judge] 9800/30000  kept=3240
[judge] 9810/30000  kept=3243
[judge] 9820/30000  kept=3245
[judge] 9830/30000  kept=3247
[judge] 9840/30000  kept=3250
[judge] 9850/30000  kept=3253
[judge] 9860/30000  kept=3254
[judge] 9870/30000  kept=3256
[judge] 9880/30000  kept=3260
[judge] 9890/30000  kept=3265
[judge] 9900/30000  kept=3268
[judge] 9910/30000  kept=3270
[judge] 9920/30000  kept=3272
[judge] 9930/30000  kept=3273
[judge] 9940/30000  kept=3274
[judge] 9950/30000  kept=3277
[judge] 9960/30000  kept=3279
[judge] 9970/30000  kept=3282
[judge] 9980/30000  kept=3285
[judge] 9990/30000  kept=3287
[judge] 10000/30000  kept=3291
[judge] 10010/30000  kept=3294
[judge] 10020/30000  kept=3295
[judge] 10030/30000  kept=3299
[judge] 10040/30000  kept=3301
[judge] 10050/30000  kept=3305
[judge] 10060/30000  kept=3309
[judge] 10070/30000  kept=3312
[judge] 10080/30000  kept=3317
[judge] 10090/30000  kept=3319
[judge] 10100/30000  kept=3321
[judge] 10110/30000  kept=3323
[judge] 10120/30000  kept=3326
[judge] 10130/30000  kept=3329
[judge] 10140/30000  kept=3331
[judge] 10150/30000  kept=3333
[judge] 10160/30000  kept=3335
[judge] 10170/30000  kept=3337
[judge] 10180/30000  kept=3338
[judge] 10190/30000  kept=3340
[judge] 10200/30000  kept=3343
[judge] 10210/30000  kept=3344
[judge] 10220/30000  kept=3345
[judge] 10230/30000  kept=3349
[judge] 10240/30000  kept=3351
[judge] 10250/30000  kept=3354
[judge] 10260/30000  kept=3357
[judge] 10270/30000  kept=3360
[judge] 10280/30000  kept=3362
[judge] 10290/30000  kept=3364
[judge] 10300/30000  kept=3368
[judge] 10310/30000  kept=3370
[judge] 10320/30000  kept=3372
[judge] 10330/30000  kept=3376
[judge] 10340/30000  kept=3377
[judge] 10350/30000  kept=3379
[judge] 10360/30000  kept=3381
[judge] 10370/30000  kept=3385
[judge] 10380/30000  kept=3389
[judge] 10390/30000  kept=3392
[judge] 10400/30000  kept=3395
[judge] 10410/30000  kept=3398
[judge] 10420/30000  kept=3401
[judge] 10430/30000  kept=3403
[judge] 10440/30000  kept=3405
[judge] 10450/30000  kept=3407
[judge] 10460/30000  kept=3409
[judge] 10470/30000  kept=3411
[judge] 10480/30000  kept=3414
[judge] 10490/30000  kept=3417
[judge] 10500/30000  kept=3419
[judge] 10510/30000  kept=3421
[judge] 10520/30000  kept=3425
[judge] 10530/30000  kept=3429
[judge] 10540/30000  kept=3433
[judge] 10550/30000  kept=3435
[judge] 10560/30000  kept=3438
[judge] 10570/30000  kept=3439
[judge] 10580/30000  kept=3442
[judge] 10590/30000  kept=3444
[judge] 10600/30000  kept=3446
[judge] 10610/30000  kept=3448
[judge] 10620/30000  kept=3451
[judge] 10630/30000  kept=3453
[judge] 10640/30000  kept=3455
[judge] 10650/30000  kept=3458
[judge] 10660/30000  kept=3459
[judge] 10670/30000  kept=3461
[judge] 10680/30000  kept=3462
[judge] 10690/30000  kept=3466
[judge] 10700/30000  kept=3468
[judge] 10710/30000  kept=3470
[judge] 10720/30000  kept=3473
[judge] 10730/30000  kept=3474
[judge] 10740/30000  kept=3477
[judge] 10750/30000  kept=3480
[judge] 10760/30000  kept=3482
[judge] 10770/30000  kept=3484
[judge] 10780/30000  kept=3486
[judge] 10790/30000  kept=3488
[judge] 10800/30000  kept=3490
[judge] 10810/30000  kept=3492
[judge] 10820/30000  kept=3496
[judge] 10830/30000  kept=3498
[judge] 10840/30000  kept=3499
[judge] 10850/30000  kept=3501
[judge] 10860/30000  kept=3502
[judge] 10870/30000  kept=3507
[judge] 10880/30000  kept=3511
[judge] 10890/30000  kept=3512
[judge] 10900/30000  kept=3513
[judge] 10910/30000  kept=3516
[judge] 10920/30000  kept=3518
[judge] 10930/30000  kept=3521
[judge] 10940/30000  kept=3523
[judge] 10950/30000  kept=3524
[judge] 10960/30000  kept=3526
[judge] 10970/30000  kept=3528
[judge] 10980/30000  kept=3529
[judge] 10990/30000  kept=3530
[judge] 11000/30000  kept=3534
[judge] 11010/30000  kept=3537
[judge] 11020/30000  kept=3540
[judge] 11030/30000  kept=3542
[judge] 11040/30000  kept=3545
[judge] 11050/30000  kept=3547
[judge] 11060/30000  kept=3550
[judge] 11070/30000  kept=3552
[judge] 11080/30000  kept=3553
[judge] 11090/30000  kept=3555
[judge] 11100/30000  kept=3557
[judge] 11110/30000  kept=3560
[judge] 11120/30000  kept=3562
[judge] 11130/30000  kept=3566
[judge] 11140/30000  kept=3568
[judge] 11150/30000  kept=3569
[judge] 11160/30000  kept=3572
[judge] 11170/30000  kept=3575
[judge] 11180/30000  kept=3578
[judge] 11190/30000  kept=3580
[judge] 11200/30000  kept=3582
[judge] 11210/30000  kept=3584
[judge] 11220/30000  kept=3584
[judge] 11230/30000  kept=3586
[judge] 11240/30000  kept=3589
[judge] 11250/30000  kept=3592
[judge] 11260/30000  kept=3594
[judge] 11270/30000  kept=3597
[judge] 11280/30000  kept=3600
[judge] 11290/30000  kept=3602
[judge] 11300/30000  kept=3603
[judge] 11310/30000  kept=3604
[judge] 11320/30000  kept=3607
[judge] 11330/30000  kept=3608
[judge] 11340/30000  kept=3612
[judge] 11350/30000  kept=3615
[judge] 11360/30000  kept=3616
[judge] 11370/30000  kept=3617
[judge] 11380/30000  kept=3619
[judge] 11390/30000  kept=3621
[judge] 11400/30000  kept=3623
[judge] 11410/30000  kept=3623
[judge] 11420/30000  kept=3625
[judge] 11430/30000  kept=3626
[judge] 11440/30000  kept=3627
[judge] 11450/30000  kept=3628
[judge] 11460/30000  kept=3629
[judge] 11470/30000  kept=3630
[judge] 11480/30000  kept=3632
[judge] 11490/30000  kept=3634
[judge] 11500/30000  kept=3636
[judge] 11510/30000  kept=3638
[judge] 11520/30000  kept=3640
[judge] 11530/30000  kept=3642
[judge] 11540/30000  kept=3645
[judge] 11550/30000  kept=3647
[judge] 11560/30000  kept=3650
[judge] 11570/30000  kept=3653
[judge] 11580/30000  kept=3655
[judge] 11590/30000  kept=3659
[judge] 11600/30000  kept=3661
[judge] 11610/30000  kept=3663
[judge] 11620/30000  kept=3665
[judge] 11630/30000  kept=3668
[judge] 11640/30000  kept=3671
[judge] 11650/30000  kept=3675
[judge] 11660/30000  kept=3678
[judge] 11670/30000  kept=3679
[judge] 11680/30000  kept=3682
[judge] 11690/30000  kept=3685
[judge] 11700/30000  kept=3687
[judge] 11710/30000  kept=3690
[judge] 11720/30000  kept=3693
[judge] 11730/30000  kept=3694
[judge] 11740/30000  kept=3696
[judge] 11750/30000  kept=3697
[judge] 11760/30000  kept=3699
[judge] 11770/30000  kept=3700
[judge] 11780/30000  kept=3702
[judge] 11790/30000  kept=3704
[judge] 11800/30000  kept=3706
[judge] 11810/30000  kept=3709
[judge] 11820/30000  kept=3712
[judge] 11830/30000  kept=3716
[judge] 11840/30000  kept=3717
[judge] 11850/30000  kept=3720
[judge] 11860/30000  kept=3724
[judge] 11870/30000  kept=3727
[judge] 11880/30000  kept=3730
[judge] 11890/30000  kept=3731
[judge] 11900/30000  kept=3734
[judge] 11910/30000  kept=3736
[judge] 11920/30000  kept=3737
[judge] 11930/30000  kept=3740
[judge] 11940/30000  kept=3744
[judge] 11950/30000  kept=3746
[judge] 11960/30000  kept=3748
[judge] 11970/30000  kept=3750
[judge] 11980/30000  kept=3753
[judge] 11990/30000  kept=3756
[judge] 12000/30000  kept=3758
[judge] 12010/30000  kept=3759
[judge] 12020/30000  kept=3761
[judge] 12030/30000  kept=3763
[judge] 12040/30000  kept=3764
[judge] 12050/30000  kept=3766
[judge] 12060/30000  kept=3770
[judge] 12070/30000  kept=3773
[judge] 12080/30000  kept=3774
[judge] 12090/30000  kept=3774
[judge] 12100/30000  kept=3778
[judge] 12110/30000  kept=3779
[judge] 12120/30000  kept=3780
[judge] 12130/30000  kept=3782
[judge] 12140/30000  kept=3785
[judge] 12150/30000  kept=3787
[judge] 12160/30000  kept=3791
[judge] 12170/30000  kept=3793
[judge] 12180/30000  kept=3795
[judge] 12190/30000  kept=3796
[judge] 12200/30000  kept=3800
[judge] 12210/30000  kept=3802
[judge] 12220/30000  kept=3805
[judge] 12230/30000  kept=3807
[judge] 12240/30000  kept=3811
[judge] 12250/30000  kept=3815
[judge] 12260/30000  kept=3816
[judge] 12270/30000  kept=3818
[judge] 12280/30000  kept=3822
[judge] 12290/30000  kept=3823
[judge] 12300/30000  kept=3824
[judge] 12310/30000  kept=3826
[judge] 12320/30000  kept=3828
[judge] 12330/30000  kept=3831
[judge] 12340/30000  kept=3833
[judge] 12350/30000  kept=3834
[judge] 12360/30000  kept=3836
[judge] 12370/30000  kept=3840
[judge] 12380/30000  kept=3843
[judge] 12390/30000  kept=3844
[judge] 12400/30000  kept=3847
[judge] 12410/30000  kept=3849
[judge] 12420/30000  kept=3850
[judge] 12430/30000  kept=3851
[judge] 12440/30000  kept=3853
[judge] 12450/30000  kept=3856
[judge] 12460/30000  kept=3858
[judge] 12470/30000  kept=3861
[judge] 12480/30000  kept=3862
[judge] 12490/30000  kept=3864
[judge] 12500/30000  kept=3867
[judge] 12510/30000  kept=3869
[judge] 12520/30000  kept=3871
[judge] 12530/30000  kept=3872
[judge] 12540/30000  kept=3874
[judge] 12550/30000  kept=3876
[judge] 12560/30000  kept=3879
[judge] 12570/30000  kept=3882
[judge] 12580/30000  kept=3884
[judge] 12590/30000  kept=3886
[judge] 12600/30000  kept=3889
[judge] 12610/30000  kept=3891
[judge] 12620/30000  kept=3893
[judge] 12630/30000  kept=3896
[judge] 12640/30000  kept=3898
[judge] 12650/30000  kept=3901
[judge] 12660/30000  kept=3903
[judge] 12670/30000  kept=3908
[judge] 12680/30000  kept=3909
[judge] 12690/30000  kept=3913
[judge] 12700/30000  kept=3916
[judge] 12710/30000  kept=3920
[judge] 12720/30000  kept=3922
[judge] 12730/30000  kept=3925
[judge] 12740/30000  kept=3928
[judge] 12750/30000  kept=3932
[judge] 12760/30000  kept=3935
[judge] 12770/30000  kept=3937
[judge] 12780/30000  kept=3939
[judge] 12790/30000  kept=3942
[judge] 12800/30000  kept=3945
[judge] 12810/30000  kept=3947
[judge] 12820/30000  kept=3949
[judge] 12830/30000  kept=3951
[judge] 12840/30000  kept=3953
[judge] 12850/30000  kept=3955
[judge] 12860/30000  kept=3957
[judge] 12870/30000  kept=3962
[judge] 12880/30000  kept=3964
[judge] 12890/30000  kept=3967
[judge] 12900/30000  kept=3969
[judge] 12910/30000  kept=3971
[judge] 12920/30000  kept=3973
[judge] 12930/30000  kept=3974
[judge] 12940/30000  kept=3976
[judge] 12950/30000  kept=3977
[judge] 12960/30000  kept=3978
[judge] 12970/30000  kept=3980
[judge] 12980/30000  kept=3983
[judge] 12990/30000  kept=3985
[judge] 13000/30000  kept=3988
[judge] 13010/30000  kept=3990
[judge] 13020/30000  kept=3991
[judge] 13030/30000  kept=3994
[judge] 13040/30000  kept=3995
[judge] 13050/30000  kept=3996
[judge] 13060/30000  kept=3997
[judge] 13070/30000  kept=4000
[judge] 13080/30000  kept=4001
[judge] 13090/30000  kept=4002
[judge] 13100/30000  kept=4005
[judge] 13110/30000  kept=4006
[judge] 13120/30000  kept=4007
[judge] 13130/30000  kept=4009
[judge] 13140/30000  kept=4010
[judge] 13150/30000  kept=4012
[judge] 13160/30000  kept=4014
[judge] 13170/30000  kept=4018
[judge] 13180/30000  kept=4022
[judge] 13190/30000  kept=4024
[judge] 13200/30000  kept=4026
[judge] 13210/30000  kept=4029
[judge] 13220/30000  kept=4030
[judge] 13230/30000  kept=4030
[judge] 13240/30000  kept=4031
[judge] 13250/30000  kept=4035
[judge] 13260/30000  kept=4037
[judge] 13270/30000  kept=4042
[judge] 13280/30000  kept=4044
[judge] 13290/30000  kept=4045
[judge] 13300/30000  kept=4047
[judge] 13310/30000  kept=4049
[judge] 13320/30000  kept=4053
[judge] 13330/30000  kept=4055
[judge] 13340/30000  kept=4057
[judge] 13350/30000  kept=4058
[judge] 13360/30000  kept=4060
[judge] 13370/30000  kept=4062
[judge] 13380/30000  kept=4065
[judge] 13390/30000  kept=4067
[judge] 13400/30000  kept=4071
[judge] 13410/30000  kept=4074
[judge] 13420/30000  kept=4076
[judge] 13430/30000  kept=4079
[judge] 13440/30000  kept=4082
[judge] 13450/30000  kept=4083
[judge] 13460/30000  kept=4083
[judge] 13470/30000  kept=4086
[judge] 13480/30000  kept=4088
[judge] 13490/30000  kept=4091
[judge] 13500/30000  kept=4093
[judge] 13510/30000  kept=4096
[judge] 13520/30000  kept=4098
[judge] 13530/30000  kept=4101
[judge] 13540/30000  kept=4102
[judge] 13550/30000  kept=4103
[judge] 13560/30000  kept=4104
[judge] 13570/30000  kept=4106
[judge] 13580/30000  kept=4108
[judge] 13590/30000  kept=4112
[judge] 13600/30000  kept=4113
[judge] 13610/30000  kept=4114
[judge] 13620/30000  kept=4116
[judge] 13630/30000  kept=4118
[judge] 13640/30000  kept=4120
[judge] 13650/30000  kept=4122
[judge] 13660/30000  kept=4125
[judge] 13670/30000  kept=4126
[judge] 13680/30000  kept=4130
[judge] 13690/30000  kept=4134
[judge] 13700/30000  kept=4135
[judge] 13710/30000  kept=4136
[judge] 13720/30000  kept=4138
[judge] 13730/30000  kept=4140
[judge] 13740/30000  kept=4142
[judge] 13750/30000  kept=4144
[judge] 13760/30000  kept=4144
[judge] 13770/30000  kept=4146
[judge] 13780/30000  kept=4148
[judge] 13790/30000  kept=4149
[judge] 13800/30000  kept=4150
[judge] 13810/30000  kept=4153
[judge] 13820/30000  kept=4155
[judge] 13830/30000  kept=4156
[judge] 13840/30000  kept=4156
[judge] 13850/30000  kept=4156
[judge] 13860/30000  kept=4157
[judge] 13870/30000  kept=4160
[judge] 13880/30000  kept=4163
[judge] 13890/30000  kept=4165
[judge] 13900/30000  kept=4168
[judge] 13910/30000  kept=4171
[judge] 13920/30000  kept=4174
[judge] 13930/30000  kept=4175
[judge] 13940/30000  kept=4175
[judge] 13950/30000  kept=4177
[judge] 13960/30000  kept=4180
[judge] 13970/30000  kept=4180
[judge] 13980/30000  kept=4180
[judge] 13990/30000  kept=4183
[judge] 14000/30000  kept=4186
[judge] 14010/30000  kept=4188
[judge] 14020/30000  kept=4189
[judge] 14030/30000  kept=4191
[judge] 14040/30000  kept=4193
[judge] 14050/30000  kept=4194
[judge] 14060/30000  kept=4196
[judge] 14070/30000  kept=4200
[judge] 14080/30000  kept=4201
[judge] 14090/30000  kept=4204
[judge] 14100/30000  kept=4205
[judge] 14110/30000  kept=4206
[judge] 14120/30000  kept=4210
[judge] 14130/30000  kept=4210
[judge] 14140/30000  kept=4213
[judge] 14150/30000  kept=4215
[judge] 14160/30000  kept=4216
[judge] 14170/30000  kept=4218
[judge] 14180/30000  kept=4220
[judge] 14190/30000  kept=4223
[judge] 14200/30000  kept=4224
[judge] 14210/30000  kept=4226
[judge] 14220/30000  kept=4228
[judge] 14230/30000  kept=4231
[judge] 14240/30000  kept=4232
[judge] 14250/30000  kept=4233
[judge] 14260/30000  kept=4236
[judge] 14270/30000  kept=4237
[judge] 14280/30000  kept=4239
[judge] 14290/30000  kept=4241
[judge] 14300/30000  kept=4243
[judge] 14310/30000  kept=4247
[judge] 14320/30000  kept=4248
[judge] 14330/30000  kept=4250
[judge] 14340/30000  kept=4252
[judge] 14350/30000  kept=4255
[judge] 14360/30000  kept=4257
[judge] 14370/30000  kept=4259
[judge] 14380/30000  kept=4261
[judge] 14390/30000  kept=4263
[judge] 14400/30000  kept=4265
[judge] 14410/30000  kept=4267
[judge] 14420/30000  kept=4270
[judge] 14430/30000  kept=4272
[judge] 14440/30000  kept=4273
[judge] 14450/30000  kept=4274
[judge] 14460/30000  kept=4276
[judge] 14470/30000  kept=4277
[judge] 14480/30000  kept=4279
[judge] 14490/30000  kept=4281
[judge] 14500/30000  kept=4283
[judge] 14510/30000  kept=4284
[judge] 14520/30000  kept=4285
[judge] 14530/30000  kept=4288
[judge] 14540/30000  kept=4290
[judge] 14550/30000  kept=4291
[judge] 14560/30000  kept=4293
[judge] 14570/30000  kept=4295
[judge] 14580/30000  kept=4297
[judge] 14590/30000  kept=4299
[judge] 14600/30000  kept=4299
[judge] 14610/30000  kept=4302
[judge] 14620/30000  kept=4303
[judge] 14630/30000  kept=4306
[judge] 14640/30000  kept=4308
[judge] 14650/30000  kept=4310
[judge] 14660/30000  kept=4312
[judge] 14670/30000  kept=4315
[judge] 14680/30000  kept=4317
[judge] 14690/30000  kept=4319
[judge] 14700/30000  kept=4321
[judge] 14710/30000  kept=4323
[judge] 14720/30000  kept=4326
[judge] 14730/30000  kept=4328
[judge] 14740/30000  kept=4331
[judge] 14750/30000  kept=4333
[judge] 14760/30000  kept=4334
[judge] 14770/30000  kept=4335
[judge] 14780/30000  kept=4336
[judge] 14790/30000  kept=4339
[judge] 14800/30000  kept=4340
[judge] 14810/30000  kept=4342
[judge] 14820/30000  kept=4346
[judge] 14830/30000  kept=4348
[judge] 14840/30000  kept=4349
[judge] 14850/30000  kept=4352
[judge] 14860/30000  kept=4354
[judge] 14870/30000  kept=4356
[judge] 14880/30000  kept=4357
[judge] 14890/30000  kept=4357
[judge] 14900/30000  kept=4357
[judge] 14910/30000  kept=4359
[judge] 14920/30000  kept=4361
[judge] 14930/30000  kept=4363
[judge] 14940/30000  kept=4365
[judge] 14950/30000  kept=4368
[judge] 14960/30000  kept=4369
[judge] 14970/30000  kept=4370
[judge] 14980/30000  kept=4372
[judge] 14990/30000  kept=4374
[judge] 15000/30000  kept=4378
[judge] 15010/30000  kept=4381
[judge] 15020/30000  kept=4381
[judge] 15030/30000  kept=4381
[judge] 15040/30000  kept=4382
[judge] 15050/30000  kept=4384
[judge] 15060/30000  kept=4386
[judge] 15070/30000  kept=4389
[judge] 15080/30000  kept=4390
[judge] 15090/30000  kept=4392
[judge] 15100/30000  kept=4394
[judge] 15110/30000  kept=4395
[judge] 15120/30000  kept=4397
[judge] 15130/30000  kept=4398
[judge] 15140/30000  kept=4399
[judge] 15150/30000  kept=4400
[judge] 15160/30000  kept=4402
[judge] 15170/30000  kept=4404
[judge] 15180/30000  kept=4406
[judge] 15190/30000  kept=4407
[judge] 15200/30000  kept=4408
[judge] 15210/30000  kept=4410
[judge] 15220/30000  kept=4414
[judge] 15230/30000  kept=4415
[judge] 15240/30000  kept=4418
[judge] 15250/30000  kept=4419
[judge] 15260/30000  kept=4420
[judge] 15270/30000  kept=4421
[judge] 15280/30000  kept=4423
[judge] 15290/30000  kept=4425
[judge] 15300/30000  kept=4428
[judge] 15310/30000  kept=4429
[judge] 15320/30000  kept=4431
[judge] 15330/30000  kept=4432
[judge] 15340/30000  kept=4434
[judge] 15350/30000  kept=4436
[judge] 15360/30000  kept=4436
[judge] 15370/30000  kept=4438
[judge] 15380/30000  kept=4440
[judge] 15390/30000  kept=4441
[judge] 15400/30000  kept=4443
[judge] 15410/30000  kept=4445
[judge] 15420/30000  kept=4447
[judge] 15430/30000  kept=4449
[judge] 15440/30000  kept=4452
[judge] 15450/30000  kept=4452
[judge] 15460/30000  kept=4454
[judge] 15470/30000  kept=4456
[judge] 15480/30000  kept=4457
[judge] 15490/30000  kept=4458
[judge] 15500/30000  kept=4458
[judge] 15510/30000  kept=4459
[judge] 15520/30000  kept=4461
[judge] 15530/30000  kept=4464
[judge] 15540/30000  kept=4468
[judge] 15550/30000  kept=4469
[judge] 15560/30000  kept=4471
[judge] 15570/30000  kept=4473
[judge] 15580/30000  kept=4475
[judge] 15590/30000  kept=4479
[judge] 15600/30000  kept=4483
[judge] 15610/30000  kept=4485
[judge] 15620/30000  kept=4487
[judge] 15630/30000  kept=4489
[judge] 15640/30000  kept=4491
[judge] 15650/30000  kept=4493
[judge] 15660/30000  kept=4493
[judge] 15670/30000  kept=4496
[judge] 15680/30000  kept=4499
[judge] 15690/30000  kept=4500
[judge] 15700/30000  kept=4502
[judge] 15710/30000  kept=4504
[judge] 15720/30000  kept=4506
[judge] 15730/30000  kept=4509
[judge] 15740/30000  kept=4512
[judge] 15750/30000  kept=4512
[judge] 15760/30000  kept=4513
[judge] 15770/30000  kept=4514
[judge] 15780/30000  kept=4516
[judge] 15790/30000  kept=4519
[judge] 15800/30000  kept=4520
[judge] 15810/30000  kept=4521
[judge] 15820/30000  kept=4523
[judge] 15830/30000  kept=4524
[judge] 15840/30000  kept=4525
[judge] 15850/30000  kept=4526
[judge] 15860/30000  kept=4527
[judge] 15870/30000  kept=4531
[judge] 15880/30000  kept=4534
[judge] 15890/30000  kept=4537
[judge] 15900/30000  kept=4539
[judge] 15910/30000  kept=4542
[judge] 15920/30000  kept=4546
[judge] 15930/30000  kept=4547
[judge] 15940/30000  kept=4547
[judge] 15950/30000  kept=4549
[judge] 15960/30000  kept=4552
[judge] 15970/30000  kept=4554
[judge] 15980/30000  kept=4557
[judge] 15990/30000  kept=4558
[judge] 16000/30000  kept=4561
[judge] 16010/30000  kept=4563
[judge] 16020/30000  kept=4565
[judge] 16030/30000  kept=4568
[judge] 16040/30000  kept=4569
[judge] 16050/30000  kept=4572
[judge] 16060/30000  kept=4574
[judge] 16070/30000  kept=4575
[judge] 16080/30000  kept=4577
[judge] 16090/30000  kept=4580
[judge] 16100/30000  kept=4580
[judge] 16110/30000  kept=4583
[judge] 16120/30000  kept=4583
[judge] 16130/30000  kept=4584
[judge] 16140/30000  kept=4585
[judge] 16150/30000  kept=4586
[judge] 16160/30000  kept=4587
[judge] 16170/30000  kept=4591
[judge] 16180/30000  kept=4593
[judge] 16190/30000  kept=4598
[judge] 16200/30000  kept=4601
[judge] 16210/30000  kept=4604
[judge] 16220/30000  kept=4605
[judge] 16230/30000  kept=4608
[judge] 16240/30000  kept=4609
[judge] 16250/30000  kept=4609
[judge] 16260/30000  kept=4611
[judge] 16270/30000  kept=4613
[judge] 16280/30000  kept=4615
[judge] 16290/30000  kept=4616
[judge] 16300/30000  kept=4618
[judge] 16310/30000  kept=4621
[judge] 16320/30000  kept=4623
[judge] 16330/30000  kept=4624
[judge] 16340/30000  kept=4626
[judge] 16350/30000  kept=4627
[judge] 16360/30000  kept=4629
[judge] 16370/30000  kept=4630
[judge] 16380/30000  kept=4631
[judge] 16390/30000  kept=4633
[judge] 16400/30000  kept=4633
[judge] 16410/30000  kept=4635
[judge] 16420/30000  kept=4636
[judge] 16430/30000  kept=4638
[judge] 16440/30000  kept=4639
[judge] 16450/30000  kept=4641
[judge] 16460/30000  kept=4641
[judge] 16470/30000  kept=4642
[judge] 16480/30000  kept=4644
[judge] 16490/30000  kept=4647
[judge] 16500/30000  kept=4649
[judge] 16510/30000  kept=4651
[judge] 16520/30000  kept=4653
[judge] 16530/30000  kept=4655
[judge] 16540/30000  kept=4658
[judge] 16550/30000  kept=4660
[judge] 16560/30000  kept=4662
[judge] 16570/30000  kept=4666
[judge] 16580/30000  kept=4667
[judge] 16590/30000  kept=4669
[judge] 16600/30000  kept=4671
[judge] 16610/30000  kept=4674
[judge] 16620/30000  kept=4675
[judge] 16630/30000  kept=4676
[judge] 16640/30000  kept=4678
[judge] 16650/30000  kept=4681
[judge] 16660/30000  kept=4683
[judge] 16670/30000  kept=4686
[judge] 16680/30000  kept=4688
[judge] 16690/30000  kept=4691
[judge] 16700/30000  kept=4693
[judge] 16710/30000  kept=4694
[judge] 16720/30000  kept=4694
[judge] 16730/30000  kept=4697
[judge] 16740/30000  kept=4698
[judge] 16750/30000  kept=4700
[judge] 16760/30000  kept=4702
[judge] 16770/30000  kept=4703
[judge] 16780/30000  kept=4704
[judge] 16790/30000  kept=4706
[judge] 16800/30000  kept=4707
[judge] 16810/30000  kept=4707
[judge] 16820/30000  kept=4708
[judge] 16830/30000  kept=4710
[judge] 16840/30000  kept=4712
[judge] 16850/30000  kept=4716
[judge] 16860/30000  kept=4718
[judge] 16870/30000  kept=4719
[judge] 16880/30000  kept=4720
[judge] 16890/30000  kept=4721
[judge] 16900/30000  kept=4723
[judge] 16910/30000  kept=4723
[judge] 16920/30000  kept=4726
[judge] 16930/30000  kept=4727
[judge] 16940/30000  kept=4729
[judge] 16950/30000  kept=4731
[judge] 16960/30000  kept=4732
[judge] 16970/30000  kept=4733
[judge] 16980/30000  kept=4734
[judge] 16990/30000  kept=4735
[judge] 17000/30000  kept=4736
[judge] 17010/30000  kept=4736
[judge] 17020/30000  kept=4738
[judge] 17030/30000  kept=4741
[judge] 17040/30000  kept=4741
[judge] 17050/30000  kept=4744
[judge] 17060/30000  kept=4745
[judge] 17070/30000  kept=4748
[judge] 17080/30000  kept=4751
[judge] 17090/30000  kept=4752
[judge] 17100/30000  kept=4752
[judge] 17110/30000  kept=4754
[judge] 17120/30000  kept=4755
[judge] 17130/30000  kept=4756
[judge] 17140/30000  kept=4757
[judge] 17150/30000  kept=4759
[judge] 17160/30000  kept=4761
[judge] 17170/30000  kept=4761
[judge] 17180/30000  kept=4762
[judge] 17190/30000  kept=4765
[judge] 17200/30000  kept=4768
[judge] 17210/30000  kept=4769
[judge] 17220/30000  kept=4773
[judge] 17230/30000  kept=4774
[judge] 17240/30000  kept=4776
[judge] 17250/30000  kept=4777
[judge] 17260/30000  kept=4779
[judge] 17270/30000  kept=4780
[judge] 17280/30000  kept=4782
[judge] 17290/30000  kept=4784
[judge] 17300/30000  kept=4787
[judge] 17310/30000  kept=4789
[judge] 17320/30000  kept=4791
[judge] 17330/30000  kept=4792
[judge] 17340/30000  kept=4794
[judge] 17350/30000  kept=4797
[judge] 17360/30000  kept=4798
[judge] 17370/30000  kept=4798
[judge] 17380/30000  kept=4799
[judge] 17390/30000  kept=4801
[judge] 17400/30000  kept=4801
[judge] 17410/30000  kept=4803
[judge] 17420/30000  kept=4803
[judge] 17430/30000  kept=4805
[judge] 17440/30000  kept=4807
[judge] 17450/30000  kept=4809
[judge] 17460/30000  kept=4813
[judge] 17470/30000  kept=4813
[judge] 17480/30000  kept=4815
[judge] 17490/30000  kept=4819
[judge] 17500/30000  kept=4821
[judge] 17510/30000  kept=4822
[judge] 17520/30000  kept=4824
[judge] 17530/30000  kept=4828
[judge] 17540/30000  kept=4830
[judge] 17550/30000  kept=4832
[judge] 17560/30000  kept=4834
[judge] 17570/30000  kept=4836
[judge] 17580/30000  kept=4840
[judge] 17590/30000  kept=4844
[judge] 17600/30000  kept=4844
[judge] 17610/30000  kept=4847
[judge] 17620/30000  kept=4848
[judge] 17630/30000  kept=4849
[judge] 17640/30000  kept=4850
[judge] 17650/30000  kept=4851
[judge] 17660/30000  kept=4854
[judge] 17670/30000  kept=4856
[judge] 17680/30000  kept=4858
[judge] 17690/30000  kept=4859
[judge] 17700/30000  kept=4862
[judge] 17710/30000  kept=4863
[judge] 17720/30000  kept=4865
[judge] 17730/30000  kept=4866
[judge] 17740/30000  kept=4868
[judge] 17750/30000  kept=4869
[judge] 17760/30000  kept=4874
[judge] 17770/30000  kept=4876
[judge] 17780/30000  kept=4876
[judge] 17790/30000  kept=4878
[judge] 17800/30000  kept=4882
[judge] 17810/30000  kept=4884
[judge] 17820/30000  kept=4886
[judge] 17830/30000  kept=4889
[judge] 17840/30000  kept=4891
[judge] 17850/30000  kept=4894
[judge] 17860/30000  kept=4896
[judge] 17870/30000  kept=4897
[judge] 17880/30000  kept=4898
[judge] 17890/30000  kept=4899
[judge] 17900/30000  kept=4899
[judge] 17910/30000  kept=4900
[judge] 17920/30000  kept=4903
[judge] 17930/30000  kept=4903
[judge] 17940/30000  kept=4905
[judge] 17950/30000  kept=4908
[judge] 17960/30000  kept=4909
[judge] 17970/30000  kept=4911
[judge] 17980/30000  kept=4913
[judge] 17990/30000  kept=4916
[judge] 18000/30000  kept=4918
[judge] 18010/30000  kept=4920
[judge] 18020/30000  kept=4923
[judge] 18030/30000  kept=4925
[judge] 18040/30000  kept=4927
[judge] 18050/30000  kept=4930
[judge] 18060/30000  kept=4932
[judge] 18070/30000  kept=4934
[judge] 18080/30000  kept=4936
[judge] 18090/30000  kept=4937
[judge] 18100/30000  kept=4937
[judge] 18110/30000  kept=4940
[judge] 18120/30000  kept=4943
[judge] 18130/30000  kept=4945
[judge] 18140/30000  kept=4947
[judge] 18150/30000  kept=4948
[judge] 18160/30000  kept=4949
[judge] 18170/30000  kept=4949
[judge] 18180/30000  kept=4952
[judge] 18190/30000  kept=4955
[judge] 18200/30000  kept=4956
[judge] 18210/30000  kept=4958
[judge] 18220/30000  kept=4961
[judge] 18230/30000  kept=4963
[judge] 18240/30000  kept=4964
[judge] 18250/30000  kept=4964
[judge] 18260/30000  kept=4968
[judge] 18270/30000  kept=4970
[judge] 18280/30000  kept=4974
[judge] 18290/30000  kept=4976
[judge] 18300/30000  kept=4979
[judge] 18310/30000  kept=4981
[judge] 18320/30000  kept=4984
[judge] 18330/30000  kept=4985
[judge] 18340/30000  kept=4987
[judge] 18350/30000  kept=4989
[judge] 18360/30000  kept=4991
[judge] 18370/30000  kept=4991
[judge] 18380/30000  kept=4993
[judge] 18390/30000  kept=4995
[judge] 18400/30000  kept=4997
[judge] 18410/30000  kept=5000
[judge] 18420/30000  kept=5000
[judge] 18430/30000  kept=5001
[judge] 18440/30000  kept=5003
[judge] 18450/30000  kept=5005
[judge] 18460/30000  kept=5008
[judge] 18470/30000  kept=5011
[judge] 18480/30000  kept=5013
[judge] 18490/30000  kept=5016
[judge] 18500/30000  kept=5016
[judge] 18510/30000  kept=5018
[judge] 18520/30000  kept=5019
[judge] 18530/30000  kept=5020
[judge] 18540/30000  kept=5021
[judge] 18550/30000  kept=5023
[judge] 18560/30000  kept=5025
[judge] 18570/30000  kept=5028
[judge] 18580/30000  kept=5031
[judge] 18590/30000  kept=5032
[judge] 18600/30000  kept=5032
[judge] 18610/30000  kept=5033
[judge] 18620/30000  kept=5036
[judge] 18630/30000  kept=5038
[judge] 18640/30000  kept=5042
[judge] 18650/30000  kept=5043
[judge] 18660/30000  kept=5045
[judge] 18670/30000  kept=5047
[judge] 18680/30000  kept=5049
[judge] 18690/30000  kept=5050
[judge] 18700/30000  kept=5053
[judge] 18710/30000  kept=5054
[judge] 18720/30000  kept=5056
[judge] 18730/30000  kept=5059
[judge] 18740/30000  kept=5061
[judge] 18750/30000  kept=5063
[judge] 18760/30000  kept=5065
[judge] 18770/30000  kept=5066
[judge] 18780/30000  kept=5068
[judge] 18790/30000  kept=5072
[judge] 18800/30000  kept=5076
[judge] 18810/30000  kept=5079
[judge] 18820/30000  kept=5080
[judge] 18830/30000  kept=5080
[judge] 18840/30000  kept=5083
[judge] 18850/30000  kept=5085
[judge] 18860/30000  kept=5085
[judge] 18870/30000  kept=5087
[judge] 18880/30000  kept=5087
[judge] 18890/30000  kept=5088
[judge] 18900/30000  kept=5089
[judge] 18910/30000  kept=5090
[judge] 18920/30000  kept=5091
[judge] 18930/30000  kept=5094
[judge] 18940/30000  kept=5096
[judge] 18950/30000  kept=5097
[judge] 18960/30000  kept=5098
[judge] 18970/30000  kept=5099
[judge] 18980/30000  kept=5102
[judge] 18990/30000  kept=5104
[judge] 19000/30000  kept=5106
[judge] 19010/30000  kept=5107
[judge] 19020/30000  kept=5107
[judge] 19030/30000  kept=5110
[judge] 19040/30000  kept=5112
[judge] 19050/30000  kept=5113
[judge] 19060/30000  kept=5116
[judge] 19070/30000  kept=5118
[judge] 19080/30000  kept=5119
[judge] 19090/30000  kept=5120
[judge] 19100/30000  kept=5121
[judge] 19110/30000  kept=5121
[judge] 19120/30000  kept=5124
[judge] 19130/30000  kept=5124
[judge] 19140/30000  kept=5126
[judge] 19150/30000  kept=5127
[judge] 19160/30000  kept=5128
[judge] 19170/30000  kept=5129
[judge] 19180/30000  kept=5130
[judge] 19190/30000  kept=5132
[judge] 19200/30000  kept=5134
[judge] 19210/30000  kept=5135
[judge] 19220/30000  kept=5138
[judge] 19230/30000  kept=5140
[judge] 19240/30000  kept=5141
[judge] 19250/30000  kept=5143
[judge] 19260/30000  kept=5145
[judge] 19270/30000  kept=5146
[judge] 19280/30000  kept=5146
[judge] 19290/30000  kept=5149
[judge] 19300/30000  kept=5151
[judge] 19310/30000  kept=5153
[judge] 19320/30000  kept=5155
[judge] 19330/30000  kept=5157
[judge] 19340/30000  kept=5158
[judge] 19350/30000  kept=5160
[judge] 19360/30000  kept=5161
[judge] 19370/30000  kept=5162
[judge] 19380/30000  kept=5164
[judge] 19390/30000  kept=5165
[judge] 19400/30000  kept=5165
[judge] 19410/30000  kept=5168
[judge] 19420/30000  kept=5173
[judge] 19430/30000  kept=5175
[judge] 19440/30000  kept=5175
[judge] 19450/30000  kept=5177
[judge] 19460/30000  kept=5180
[judge] 19470/30000  kept=5183
[judge] 19480/30000  kept=5183
[judge] 19490/30000  kept=5185
[judge] 19500/30000  kept=5185
[judge] 19510/30000  kept=5187
[judge] 19520/30000  kept=5190
[judge] 19530/30000  kept=5192
[judge] 19540/30000  kept=5194
[judge] 19550/30000  kept=5195
[judge] 19560/30000  kept=5196
[judge] 19570/30000  kept=5199
[judge] 19580/30000  kept=5202
[judge] 19590/30000  kept=5203
[judge] 19600/30000  kept=5204
[judge] 19610/30000  kept=5204
[judge] 19620/30000  kept=5204
[judge] 19630/30000  kept=5206
[judge] 19640/30000  kept=5208
[judge] 19650/30000  kept=5210
[judge] 19660/30000  kept=5211
[judge] 19670/30000  kept=5213
[judge] 19680/30000  kept=5215
[judge] 19690/30000  kept=5217
[judge] 19700/30000  kept=5217
[judge] 19710/30000  kept=5219
[judge] 19720/30000  kept=5220
[judge] 19730/30000  kept=5221
[judge] 19740/30000  kept=5223
[judge] 19750/30000  kept=5225
[judge] 19760/30000  kept=5227
[judge] 19770/30000  kept=5229
[judge] 19780/30000  kept=5230
[judge] 19790/30000  kept=5232
[judge] 19800/30000  kept=5235
[judge] 19810/30000  kept=5238
[judge] 19820/30000  kept=5240
[judge] 19830/30000  kept=5241
[judge] 19840/30000  kept=5242
[judge] 19850/30000  kept=5243
[judge] 19860/30000  kept=5246
[judge] 19870/30000  kept=5248
[judge] 19880/30000  kept=5248
[judge] 19890/30000  kept=5250
[judge] 19900/30000  kept=5252
[judge] 19910/30000  kept=5253
[judge] 19920/30000  kept=5256
[judge] 19930/30000  kept=5258
[judge] 19940/30000  kept=5258
[judge] 19950/30000  kept=5259
[judge] 19960/30000  kept=5261
[judge] 19970/30000  kept=5264
[judge] 19980/30000  kept=5265
[judge] 19990/30000  kept=5267
[judge] 20000/30000  kept=5268
[judge] 20010/30000  kept=5271
[judge] 20020/30000  kept=5273
[judge] 20030/30000  kept=5275
[judge] 20040/30000  kept=5277
[judge] 20050/30000  kept=5278
[judge] 20060/30000  kept=5278
[judge] 20070/30000  kept=5280
[judge] 20080/30000  kept=5281
[judge] 20090/30000  kept=5282
[judge] 20100/30000  kept=5284
[judge] 20110/30000  kept=5286
[judge] 20120/30000  kept=5287
[judge] 20130/30000  kept=5289
[judge] 20140/30000  kept=5289
[judge] 20150/30000  kept=5291
[judge] 20160/30000  kept=5292
[judge] 20170/30000  kept=5293
[judge] 20180/30000  kept=5294
[judge] 20190/30000  kept=5295
[judge] 20200/30000  kept=5297
[judge] 20210/30000  kept=5299
[judge] 20220/30000  kept=5299
[judge] 20230/30000  kept=5299
[judge] 20240/30000  kept=5302
[judge] 20250/30000  kept=5304
[judge] 20260/30000  kept=5306
[judge] 20270/30000  kept=5308
[judge] 20280/30000  kept=5310
[judge] 20290/30000  kept=5312
[judge] 20300/30000  kept=5314
[judge] 20310/30000  kept=5315
[judge] 20320/30000  kept=5316
[judge] 20330/30000  kept=5318
[judge] 20340/30000  kept=5320
[judge] 20350/30000  kept=5322
[judge] 20360/30000  kept=5325
[judge] 20370/30000  kept=5328
[judge] 20380/30000  kept=5330
[judge] 20390/30000  kept=5334
[judge] 20400/30000  kept=5336
[judge] 20410/30000  kept=5337
[judge] 20420/30000  kept=5337
[judge] 20430/30000  kept=5338
[judge] 20440/30000  kept=5340
[judge] 20450/30000  kept=5342
[judge] 20460/30000  kept=5344
[judge] 20470/30000  kept=5345
[judge] 20480/30000  kept=5348
[judge] 20490/30000  kept=5348
[judge] 20500/30000  kept=5350
[judge] 20510/30000  kept=5352
[judge] 20520/30000  kept=5354
[judge] 20530/30000  kept=5357
[judge] 20540/30000  kept=5359
[judge] 20550/30000  kept=5360
[judge] 20560/30000  kept=5363
[judge] 20570/30000  kept=5363
[judge] 20580/30000  kept=5366
[judge] 20590/30000  kept=5367
[judge] 20600/30000  kept=5368
[judge] 20610/30000  kept=5370
[judge] 20620/30000  kept=5372
[judge] 20630/30000  kept=5375
[judge] 20640/30000  kept=5378
[judge] 20650/30000  kept=5380
[judge] 20660/30000  kept=5383
[judge] 20670/30000  kept=5384
[judge] 20680/30000  kept=5387
[judge] 20690/30000  kept=5389
[judge] 20700/30000  kept=5392
[judge] 20710/30000  kept=5394
[judge] 20720/30000  kept=5396
[judge] 20730/30000  kept=5399
[judge] 20740/30000  kept=5399
[judge] 20750/30000  kept=5399
[judge] 20760/30000  kept=5401
[judge] 20770/30000  kept=5403
[judge] 20780/30000  kept=5404
[judge] 20790/30000  kept=5406
[judge] 20800/30000  kept=5408
[judge] 20810/30000  kept=5410
[judge] 20820/30000  kept=5411
[judge] 20830/30000  kept=5412
[judge] 20840/30000  kept=5413
[judge] 20850/30000  kept=5414
[judge] 20860/30000  kept=5415
[judge] 20870/30000  kept=5416
[judge] 20880/30000  kept=5417
[judge] 20890/30000  kept=5418
[judge] 20900/30000  kept=5419
[judge] 20910/30000  kept=5421
[judge] 20920/30000  kept=5423
[judge] 20930/30000  kept=5424
[judge] 20940/30000  kept=5425
[judge] 20950/30000  kept=5428
[judge] 20960/30000  kept=5430
[judge] 20970/30000  kept=5432
[judge] 20980/30000  kept=5434
[judge] 20990/30000  kept=5435
[judge] 21000/30000  kept=5438
[judge] 21010/30000  kept=5439
[judge] 21020/30000  kept=5440
[judge] 21030/30000  kept=5444
[judge] 21040/30000  kept=5447
[judge] 21050/30000  kept=5447
[judge] 21060/30000  kept=5448
[judge] 21070/30000  kept=5450
[judge] 21080/30000  kept=5451
[judge] 21090/30000  kept=5452
[judge] 21100/30000  kept=5454
[judge] 21110/30000  kept=5456
[judge] 21120/30000  kept=5458
[judge] 21130/30000  kept=5461
[judge] 21140/30000  kept=5463
[judge] 21150/30000  kept=5465
[judge] 21160/30000  kept=5466
[judge] 21170/30000  kept=5467
[judge] 21180/30000  kept=5468
[judge] 21190/30000  kept=5470
[judge] 21200/30000  kept=5473
[judge] 21210/30000  kept=5474
[judge] 21220/30000  kept=5478
[judge] 21230/30000  kept=5480
[judge] 21240/30000  kept=5481
[judge] 21250/30000  kept=5484
[judge] 21260/30000  kept=5485
[judge] 21270/30000  kept=5487
[judge] 21280/30000  kept=5488
[judge] 21290/30000  kept=5490
[judge] 21300/30000  kept=5491
[judge] 21310/30000  kept=5492
[judge] 21320/30000  kept=5493
[judge] 21330/30000  kept=5496
[judge] 21340/30000  kept=5497
[judge] 21350/30000  kept=5499
[judge] 21360/30000  kept=5500
[judge] 21370/30000  kept=5501
[judge] 21380/30000  kept=5504
[judge] 21390/30000  kept=5506
[judge] 21400/30000  kept=5508
[judge] 21410/30000  kept=5510
[judge] 21420/30000  kept=5512
[judge] 21430/30000  kept=5514
[judge] 21440/30000  kept=5515
[judge] 21450/30000  kept=5517
[judge] 21460/30000  kept=5518
[judge] 21470/30000  kept=5519
[judge] 21480/30000  kept=5522
[judge] 21490/30000  kept=5524
[judge] 21500/30000  kept=5528
[judge] 21510/30000  kept=5529
[judge] 21520/30000  kept=5531
[judge] 21530/30000  kept=5532
[judge] 21540/30000  kept=5533
[judge] 21550/30000  kept=5535
[judge] 21560/30000  kept=5537
[judge] 21570/30000  kept=5538
[judge] 21580/30000  kept=5541
[judge] 21590/30000  kept=5541
[judge] 21600/30000  kept=5543
[judge] 21610/30000  kept=5545
[judge] 21620/30000  kept=5546
[judge] 21630/30000  kept=5548
[judge] 21640/30000  kept=5551
[judge] 21650/30000  kept=5552
[judge] 21660/30000  kept=5553
[judge] 21670/30000  kept=5555
[judge] 21680/30000  kept=5557
[judge] 21690/30000  kept=5558
[judge] 21700/30000  kept=5560
[judge] 21710/30000  kept=5562
[judge] 21720/30000  kept=5563
[judge] 21730/30000  kept=5564
[judge] 21740/30000  kept=5566
[judge] 21750/30000  kept=5567
[judge] 21760/30000  kept=5568
[judge] 21770/30000  kept=5569
[judge] 21780/30000  kept=5571
[judge] 21790/30000  kept=5573
[judge] 21800/30000  kept=5573
[judge] 21810/30000  kept=5577
[judge] 21820/30000  kept=5577
[judge] 21830/30000  kept=5578
[judge] 21840/30000  kept=5580
[judge] 21850/30000  kept=5581
[judge] 21860/30000  kept=5583
[judge] 21870/30000  kept=5584
[judge] 21880/30000  kept=5586
[judge] 21890/30000  kept=5588
[judge] 21900/30000  kept=5591
[judge] 21910/30000  kept=5591
[judge] 21920/30000  kept=5594
[judge] 21930/30000  kept=5595
[judge] 21940/30000  kept=5595
[judge] 21950/30000  kept=5595
[judge] 21960/30000  kept=5597
[judge] 21970/30000  kept=5600
[judge] 21980/30000  kept=5601
[judge] 21990/30000  kept=5603
[judge] 22000/30000  kept=5604
[judge] 22010/30000  kept=5605
[judge] 22020/30000  kept=5606
[judge] 22030/30000  kept=5607
[judge] 22040/30000  kept=5609
[judge] 22050/30000  kept=5610
[judge] 22060/30000  kept=5610
[judge] 22070/30000  kept=5613
[judge] 22080/30000  kept=5615
[judge] 22090/30000  kept=5617
[judge] 22100/30000  kept=5618
[judge] 22110/30000  kept=5619
[judge] 22120/30000  kept=5620
[judge] 22130/30000  kept=5620
[judge] 22140/30000  kept=5620
[judge] 22150/30000  kept=5622
[judge] 22160/30000  kept=5623
[judge] 22170/30000  kept=5623
[judge] 22180/30000  kept=5625
[judge] 22190/30000  kept=5626
[judge] 22200/30000  kept=5627
[judge] 22210/30000  kept=5630
[judge] 22220/30000  kept=5630
[judge] 22230/30000  kept=5630
[judge] 22240/30000  kept=5631
[judge] 22250/30000  kept=5631
[judge] 22260/30000  kept=5632
[judge] 22270/30000  kept=5633
[judge] 22280/30000  kept=5634
[judge] 22290/30000  kept=5634
[judge] 22300/30000  kept=5636
[judge] 22310/30000  kept=5637
[judge] 22320/30000  kept=5640
[judge] 22330/30000  kept=5640
[judge] 22340/30000  kept=5640
[judge] 22350/30000  kept=5642
[judge] 22360/30000  kept=5642
[judge] 22370/30000  kept=5642
[judge] 22380/30000  kept=5645
[judge] 22390/30000  kept=5647
[judge] 22400/30000  kept=5647
[judge] 22410/30000  kept=5648
[judge] 22420/30000  kept=5650
[judge] 22430/30000  kept=5652
[judge] 22440/30000  kept=5652
[judge] 22450/30000  kept=5653
[judge] 22460/30000  kept=5655
[judge] 22470/30000  kept=5657
[judge] 22480/30000  kept=5658
[judge] 22490/30000  kept=5660
[judge] 22500/30000  kept=5662
[judge] 22510/30000  kept=5664
[judge] 22520/30000  kept=5669
[judge] 22530/30000  kept=5671
[judge] 22540/30000  kept=5671
[judge] 22550/30000  kept=5673
[judge] 22560/30000  kept=5674
[judge] 22570/30000  kept=5675
[judge] 22580/30000  kept=5676
[judge] 22590/30000  kept=5678
[judge] 22600/30000  kept=5680
[judge] 22610/30000  kept=5680
[judge] 22620/30000  kept=5680
[judge] 22630/30000  kept=5682
[judge] 22640/30000  kept=5683
[judge] 22650/30000  kept=5686
[judge] 22660/30000  kept=5688
[judge] 22670/30000  kept=5691
[judge] 22680/30000  kept=5692
[judge] 22690/30000  kept=5693
[judge] 22700/30000  kept=5695
[judge] 22710/30000  kept=5698
[judge] 22720/30000  kept=5699
[judge] 22730/30000  kept=5702
[judge] 22740/30000  kept=5703
[judge] 22750/30000  kept=5704
[judge] 22760/30000  kept=5705
[judge] 22770/30000  kept=5706
[judge] 22780/30000  kept=5708
[judge] 22790/30000  kept=5710
[judge] 22800/30000  kept=5711
[judge] 22810/30000  kept=5711
[judge] 22820/30000  kept=5712
[judge] 22830/30000  kept=5713
[judge] 22840/30000  kept=5715
[judge] 22850/30000  kept=5716
[judge] 22860/30000  kept=5716
[judge] 22870/30000  kept=5718
[judge] 22880/30000  kept=5720
[judge] 22890/30000  kept=5721
[judge] 22900/30000  kept=5722
[judge] 22910/30000  kept=5722
[judge] 22920/30000  kept=5723
[judge] 22930/30000  kept=5727
[judge] 22940/30000  kept=5728
[judge] 22950/30000  kept=5730
[judge] 22960/30000  kept=5731
[judge] 22970/30000  kept=5731
[judge] 22980/30000  kept=5732
[judge] 22990/30000  kept=5734
[judge] 23000/30000  kept=5734
[judge] 23010/30000  kept=5735
[judge] 23020/30000  kept=5737
[judge] 23030/30000  kept=5739
[judge] 23040/30000  kept=5741
[judge] 23050/30000  kept=5743
[judge] 23060/30000  kept=5743
[judge] 23070/30000  kept=5746
[judge] 23080/30000  kept=5747
[judge] 23090/30000  kept=5749
[judge] 23100/30000  kept=5749
[judge] 23110/30000  kept=5750
[judge] 23120/30000  kept=5751
[judge] 23130/30000  kept=5752
[judge] 23140/30000  kept=5754
[judge] 23150/30000  kept=5757
[judge] 23160/30000  kept=5757
[judge] 23170/30000  kept=5758
[judge] 23180/30000  kept=5759
[judge] 23190/30000  kept=5761
[judge] 23200/30000  kept=5762
[judge] 23210/30000  kept=5763
[judge] 23220/30000  kept=5765
[judge] 23230/30000  kept=5767
[judge] 23240/30000  kept=5769
[judge] 23250/30000  kept=5769
[judge] 23260/30000  kept=5770
[judge] 23270/30000  kept=5771
[judge] 23280/30000  kept=5772
[judge] 23290/30000  kept=5773
[judge] 23300/30000  kept=5774
[judge] 23310/30000  kept=5776
[judge] 23320/30000  kept=5776
[judge] 23330/30000  kept=5778
[judge] 23340/30000  kept=5778
[judge] 23350/30000  kept=5781
[judge] 23360/30000  kept=5784
[judge] 23370/30000  kept=5786
[judge] 23380/30000  kept=5788
[judge] 23390/30000  kept=5789
[judge] 23400/30000  kept=5789
[judge] 23410/30000  kept=5791
[judge] 23420/30000  kept=5794
[judge] 23430/30000  kept=5794
[judge] 23440/30000  kept=5798
[judge] 23450/30000  kept=5799
[judge] 23460/30000  kept=5800
[judge] 23470/30000  kept=5802
[judge] 23480/30000  kept=5803
[judge] 23490/30000  kept=5804
[judge] 23500/30000  kept=5806
[judge] 23510/30000  kept=5808
[judge] 23520/30000  kept=5809
[judge] 23530/30000  kept=5810
[judge] 23540/30000  kept=5811
[judge] 23550/30000  kept=5814
[judge] 23560/30000  kept=5815
[judge] 23570/30000  kept=5816
[judge] 23580/30000  kept=5817
[judge] 23590/30000  kept=5818
[judge] 23600/30000  kept=5819
[judge] 23610/30000  kept=5819
[judge] 23620/30000  kept=5820
[judge] 23630/30000  kept=5822
[judge] 23640/30000  kept=5824
[judge] 23650/30000  kept=5826
[judge] 23660/30000  kept=5827
[judge] 23670/30000  kept=5827
[judge] 23680/30000  kept=5829
[judge] 23690/30000  kept=5832
[judge] 23700/30000  kept=5833
[judge] 23710/30000  kept=5834
[judge] 23720/30000  kept=5835
[judge] 23730/30000  kept=5836
[judge] 23740/30000  kept=5839
[judge] 23750/30000  kept=5841
[judge] 23760/30000  kept=5842
[judge] 23770/30000  kept=5845
[judge] 23780/30000  kept=5848
[judge] 23790/30000  kept=5850
[judge] 23800/30000  kept=5851
[judge] 23810/30000  kept=5852
[judge] 23820/30000  kept=5854
[judge] 23830/30000  kept=5854
[judge] 23840/30000  kept=5855
[judge] 23850/30000  kept=5856
[judge] 23860/30000  kept=5857
[judge] 23870/30000  kept=5860
[judge] 23880/30000  kept=5860
[judge] 23890/30000  kept=5861
[judge] 23900/30000  kept=5861
[judge] 23910/30000  kept=5863
[judge] 23920/30000  kept=5865
[judge] 23930/30000  kept=5866
[judge] 23940/30000  kept=5868
[judge] 23950/30000  kept=5868
[judge] 23960/30000  kept=5870
[judge] 23970/30000  kept=5871
[judge] 23980/30000  kept=5873
[judge] 23990/30000  kept=5875
[judge] 24000/30000  kept=5876
[judge] 24010/30000  kept=5877
[judge] 24020/30000  kept=5877
[judge] 24030/30000  kept=5880
[judge] 24040/30000  kept=5881
[judge] 24050/30000  kept=5883
[judge] 24060/30000  kept=5885
[judge] 24070/30000  kept=5886
[judge] 24080/30000  kept=5888
[judge] 24090/30000  kept=5891
[judge] 24100/30000  kept=5891
[judge] 24110/30000  kept=5891
[judge] 24120/30000  kept=5892
[judge] 24130/30000  kept=5892
[judge] 24140/30000  kept=5892
[judge] 24150/30000  kept=5893
[judge] 24160/30000  kept=5895
[judge] 24170/30000  kept=5897
[judge] 24180/30000  kept=5897
[judge] 24190/30000  kept=5898
[judge] 24200/30000  kept=5899
[judge] 24210/30000  kept=5901
[judge] 24220/30000  kept=5902
[judge] 24230/30000  kept=5903
[judge] 24240/30000  kept=5905
[judge] 24250/30000  kept=5906
[judge] 24260/30000  kept=5908
[judge] 24270/30000  kept=5908
[judge] 24280/30000  kept=5909
[judge] 24290/30000  kept=5912
[judge] 24300/30000  kept=5915
[judge] 24310/30000  kept=5916
[judge] 24320/30000  kept=5918
[judge] 24330/30000  kept=5918
[judge] 24340/30000  kept=5920
[judge] 24350/30000  kept=5924
[judge] 24360/30000  kept=5924
[judge] 24370/30000  kept=5925
[judge] 24380/30000  kept=5925
[judge] 24390/30000  kept=5925
[judge] 24400/30000  kept=5927
[judge] 24410/30000  kept=5928
[judge] 24420/30000  kept=5929
[judge] 24430/30000  kept=5931
[judge] 24440/30000  kept=5932
[judge] 24450/30000  kept=5933
[judge] 24460/30000  kept=5936
[judge] 24470/30000  kept=5936
[judge] 24480/30000  kept=5939
[judge] 24490/30000  kept=5941
[judge] 24500/30000  kept=5942
[judge] 24510/30000  kept=5944
[judge] 24520/30000  kept=5945
[judge] 24530/30000  kept=5946
[judge] 24540/30000  kept=5947
[judge] 24550/30000  kept=5948
[judge] 24560/30000  kept=5950
[judge] 24570/30000  kept=5953
[judge] 24580/30000  kept=5955
[judge] 24590/30000  kept=5955
[judge] 24600/30000  kept=5956
[judge] 24610/30000  kept=5958
[judge] 24620/30000  kept=5960
[judge] 24630/30000  kept=5960
[judge] 24640/30000  kept=5962
[judge] 24650/30000  kept=5962
[judge] 24660/30000  kept=5963
[judge] 24670/30000  kept=5965
[judge] 24680/30000  kept=5966
[judge] 24690/30000  kept=5966
[judge] 24700/30000  kept=5967
[judge] 24710/30000  kept=5968
[judge] 24720/30000  kept=5969
[judge] 24730/30000  kept=5970
[judge] 24740/30000  kept=5971
[judge] 24750/30000  kept=5971
[judge] 24760/30000  kept=5971
[judge] 24770/30000  kept=5973
[judge] 24780/30000  kept=5973
[judge] 24790/30000  kept=5976
[judge] 24800/30000  kept=5977
[judge] 24810/30000  kept=5977
[judge] 24820/30000  kept=5979
[judge] 24830/30000  kept=5980
[judge] 24840/30000  kept=5981
[judge] 24850/30000  kept=5984
[judge] 24860/30000  kept=5985
[judge] 24870/30000  kept=5987
[judge] 24880/30000  kept=5989
[judge] 24890/30000  kept=5989
[judge] 24900/30000  kept=5992
[judge] 24910/30000  kept=5992
[judge] 24920/30000  kept=5992
[judge] 24930/30000  kept=5993
[judge] 24940/30000  kept=5996
[judge] 24950/30000  kept=5997
[judge] 24960/30000  kept=5999
[judge] 24970/30000  kept=5999
[judge] 24980/30000  kept=6001
[judge] 24990/30000  kept=6004
[judge] 25000/30000  kept=6005
[judge] 25010/30000  kept=6006
[judge] 25020/30000  kept=6007
[judge] 25030/30000  kept=6009
[judge] 25040/30000  kept=6009
[judge] 25050/30000  kept=6011
[judge] 25060/30000  kept=6013
[judge] 25070/30000  kept=6013
[judge] 25080/30000  kept=6014
[judge] 25090/30000  kept=6015
[judge] 25100/30000  kept=6017
[judge] 25110/30000  kept=6019
[judge] 25120/30000  kept=6020
[judge] 25130/30000  kept=6020
[judge] 25140/30000  kept=6020
[judge] 25150/30000  kept=6020
[judge] 25160/30000  kept=6022
[judge] 25170/30000  kept=6024
[judge] 25180/30000  kept=6025
[judge] 25190/30000  kept=6027
[judge] 25200/30000  kept=6028
[judge] 25210/30000  kept=6028
[judge] 25220/30000  kept=6030
[judge] 25230/30000  kept=6033
[judge] 25240/30000  kept=6034
[judge] 25250/30000  kept=6035
[judge] 25260/30000  kept=6037
[judge] 25270/30000  kept=6037
[judge] 25280/30000  kept=6039
[judge] 25290/30000  kept=6042
[judge] 25300/30000  kept=6044
[judge] 25310/30000  kept=6046
[judge] 25320/30000  kept=6049
[judge] 25330/30000  kept=6049
[judge] 25340/30000  kept=6049
[judge] 25350/30000  kept=6049
[judge] 25360/30000  kept=6049
[judge] 25370/30000  kept=6049
[judge] 25380/30000  kept=6051
[judge] 25390/30000  kept=6053
[judge] 25400/30000  kept=6053
[judge] 25410/30000  kept=6053
[judge] 25420/30000  kept=6053
[judge] 25430/30000  kept=6055
[judge] 25440/30000  kept=6056
[judge] 25450/30000  kept=6058
[judge] 25460/30000  kept=6059
[judge] 25470/30000  kept=6061
[judge] 25480/30000  kept=6061
[judge] 25490/30000  kept=6061
[judge] 25500/30000  kept=6062
[judge] 25510/30000  kept=6063
[judge] 25520/30000  kept=6064
[judge] 25530/30000  kept=6066
[judge] 25540/30000  kept=6067
[judge] 25550/30000  kept=6069
[judge] 25560/30000  kept=6070
[judge] 25570/30000  kept=6072
[judge] 25580/30000  kept=6074
[judge] 25590/30000  kept=6075
[judge] 25600/30000  kept=6075
[judge] 25610/30000  kept=6076
[judge] 25620/30000  kept=6077
[judge] 25630/30000  kept=6080
[judge] 25640/30000  kept=6081
[judge] 25650/30000  kept=6082
[judge] 25660/30000  kept=6084
[judge] 25670/30000  kept=6087
[judge] 25680/30000  kept=6088
[judge] 25690/30000  kept=6089
[judge] 25700/30000  kept=6090
[judge] 25710/30000  kept=6092
[judge] 25720/30000  kept=6094
[judge] 25730/30000  kept=6095
[judge] 25740/30000  kept=6096
[judge] 25750/30000  kept=6096
[judge] 25760/30000  kept=6097
[judge] 25770/30000  kept=6098
[judge] 25780/30000  kept=6100
[judge] 25790/30000  kept=6101
[judge] 25800/30000  kept=6101
[judge] 25810/30000  kept=6103
[judge] 25820/30000  kept=6104
[judge] 25830/30000  kept=6105
[judge] 25840/30000  kept=6105
[judge] 25850/30000  kept=6107
[judge] 25860/30000  kept=6107
[judge] 25870/30000  kept=6107
[judge] 25880/30000  kept=6108
[judge] 25890/30000  kept=6110
[judge] 25900/30000  kept=6110
[judge] 25910/30000  kept=6110
[judge] 25920/30000  kept=6111
[judge] 25930/30000  kept=6113
[judge] 25940/30000  kept=6115
[judge] 25950/30000  kept=6118
[judge] 25960/30000  kept=6119
[judge] 25970/30000  kept=6121
[judge] 25980/30000  kept=6122
[judge] 25990/30000  kept=6122
[judge] 26000/30000  kept=6123
[judge] 26010/30000  kept=6124
[judge] 26020/30000  kept=6125
[judge] 26030/30000  kept=6127
[judge] 26040/30000  kept=6128
[judge] 26050/30000  kept=6130
[judge] 26060/30000  kept=6131
[judge] 26070/30000  kept=6133
[judge] 26080/30000  kept=6133
[judge] 26090/30000  kept=6134
[judge] 26100/30000  kept=6135
[judge] 26110/30000  kept=6137
[judge] 26120/30000  kept=6139
[judge] 26130/30000  kept=6140
[judge] 26140/30000  kept=6140
[judge] 26150/30000  kept=6140
[judge] 26160/30000  kept=6141
[judge] 26170/30000  kept=6143
[judge] 26180/30000  kept=6145
[judge] 26190/30000  kept=6146
[judge] 26200/30000  kept=6147
[judge] 26210/30000  kept=6148
[judge] 26220/30000  kept=6150
[judge] 26230/30000  kept=6151
[judge] 26240/30000  kept=6151
[judge] 26250/30000  kept=6153
[judge] 26260/30000  kept=6154
[judge] 26270/30000  kept=6154
[judge] 26280/30000  kept=6155
[judge] 26290/30000  kept=6156
[judge] 26300/30000  kept=6157
[judge] 26310/30000  kept=6157
[judge] 26320/30000  kept=6159
[judge] 26330/30000  kept=6161
[judge] 26340/30000  kept=6162
[judge] 26350/30000  kept=6164
[judge] 26360/30000  kept=6164
[judge] 26370/30000  kept=6165
[judge] 26380/30000  kept=6167
[judge] 26390/30000  kept=6168
[judge] 26400/30000  kept=6168
[judge] 26410/30000  kept=6168
[judge] 26420/30000  kept=6170
[judge] 26430/30000  kept=6172
[judge] 26440/30000  kept=6174
[judge] 26450/30000  kept=6175
[judge] 26460/30000  kept=6176
[judge] 26470/30000  kept=6177
[judge] 26480/30000  kept=6178
[judge] 26490/30000  kept=6180
[judge] 26500/30000  kept=6181
[judge] 26510/30000  kept=6182
[judge] 26520/30000  kept=6183
[judge] 26530/30000  kept=6183
[judge] 26540/30000  kept=6183
[judge] 26550/30000  kept=6184
[judge] 26560/30000  kept=6186
[judge] 26570/30000  kept=6188
[judge] 26580/30000  kept=6189
[judge] 26590/30000  kept=6189
[judge] 26600/30000  kept=6189
[judge] 26610/30000  kept=6191
[judge] 26620/30000  kept=6193
[judge] 26630/30000  kept=6195
[judge] 26640/30000  kept=6197
[judge] 26650/30000  kept=6198
[judge] 26660/30000  kept=6199
[judge] 26670/30000  kept=6201
[judge] 26680/30000  kept=6203
[judge] 26690/30000  kept=6205
[judge] 26700/30000  kept=6206
[judge] 26710/30000  kept=6208
[judge] 26720/30000  kept=6208
[judge] 26730/30000  kept=6208
[judge] 26740/30000  kept=6209
[judge] 26750/30000  kept=6212
[judge] 26760/30000  kept=6213
[judge] 26770/30000  kept=6213
[judge] 26780/30000  kept=6215
[judge] 26790/30000  kept=6215
[judge] 26800/30000  kept=6217
[judge] 26810/30000  kept=6218
[judge] 26820/30000  kept=6219
[judge] 26830/30000  kept=6221
[judge] 26840/30000  kept=6223
[judge] 26850/30000  kept=6225
[judge] 26860/30000  kept=6226
[judge] 26870/30000  kept=6227
[judge] 26880/30000  kept=6229
[judge] 26890/30000  kept=6230
[judge] 26900/30000  kept=6231
[judge] 26910/30000  kept=6231
[judge] 26920/30000  kept=6232
[judge] 26930/30000  kept=6232
[judge] 26940/30000  kept=6232
[judge] 26950/30000  kept=6234
[judge] 26960/30000  kept=6235
[judge] 26970/30000  kept=6238
[judge] 26980/30000  kept=6238
[judge] 26990/30000  kept=6240
[judge] 27000/30000  kept=6241
[judge] 27010/30000  kept=6243
[judge] 27020/30000  kept=6244
[judge] 27030/30000  kept=6245
[judge] 27040/30000  kept=6246
[judge] 27050/30000  kept=6247
[judge] 27060/30000  kept=6248
[judge] 27070/30000  kept=6250
[judge] 27080/30000  kept=6251
[judge] 27090/30000  kept=6253
[judge] 27100/30000  kept=6254
[judge] 27110/30000  kept=6255
[judge] 27120/30000  kept=6256
[judge] 27130/30000  kept=6257
[judge] 27140/30000  kept=6258
[judge] 27150/30000  kept=6259
[judge] 27160/30000  kept=6261
[judge] 27170/30000  kept=6262
[judge] 27180/30000  kept=6263
[judge] 27190/30000  kept=6264
[judge] 27200/30000  kept=6264
[judge] 27210/30000  kept=6264
[judge] 27220/30000  kept=6264
[judge] 27230/30000  kept=6265
[judge] 27240/30000  kept=6265
[judge] 27250/30000  kept=6265
[judge] 27260/30000  kept=6266
[judge] 27270/30000  kept=6266
[judge] 27280/30000  kept=6266
[judge] 27290/30000  kept=6267
[judge] 27300/30000  kept=6268
[judge] 27310/30000  kept=6270
[judge] 27320/30000  kept=6271
[judge] 27330/30000  kept=6271
[judge] 27340/30000  kept=6272
[judge] 27350/30000  kept=6273
[judge] 27360/30000  kept=6273
[judge] 27370/30000  kept=6274
[judge] 27380/30000  kept=6276
[judge] 27390/30000  kept=6278
[judge] 27400/30000  kept=6279
[judge] 27410/30000  kept=6280
[judge] 27420/30000  kept=6281
[judge] 27430/30000  kept=6281
[judge] 27440/30000  kept=6281
[judge] 27450/30000  kept=6282
[judge] 27460/30000  kept=6283
[judge] 27470/30000  kept=6284
[judge] 27480/30000  kept=6285
[judge] 27490/30000  kept=6286
[judge] 27500/30000  kept=6287
[judge] 27510/30000  kept=6288
[judge] 27520/30000  kept=6288
[judge] 27530/30000  kept=6289
[judge] 27540/30000  kept=6289
[judge] 27550/30000  kept=6291
[judge] 27560/30000  kept=6293
[judge] 27570/30000  kept=6294
[judge] 27580/30000  kept=6295
[judge] 27590/30000  kept=6295
[judge] 27600/30000  kept=6297
[judge] 27610/30000  kept=6298
[judge] 27620/30000  kept=6300
[judge] 27630/30000  kept=6300
[judge] 27640/30000  kept=6302
[judge] 27650/30000  kept=6303
[judge] 27660/30000  kept=6303
[judge] 27670/30000  kept=6306
[judge] 27680/30000  kept=6306
[judge] 27690/30000  kept=6307
[judge] 27700/30000  kept=6309
[judge] 27710/30000  kept=6310
[judge] 27720/30000  kept=6312
[judge] 27730/30000  kept=6313
[judge] 27740/30000  kept=6313
[judge] 27750/30000  kept=6314
[judge] 27760/30000  kept=6316
[judge] 27770/30000  kept=6316
[judge] 27780/30000  kept=6317
[judge] 27790/30000  kept=6317
[judge] 27800/30000  kept=6317
[judge] 27810/30000  kept=6319
[judge] 27820/30000  kept=6320
[judge] 27830/30000  kept=6322
[judge] 27840/30000  kept=6323
[judge] 27850/30000  kept=6324
[judge] 27860/30000  kept=6326
[judge] 27870/30000  kept=6327
[judge] 27880/30000  kept=6327
[judge] 27890/30000  kept=6329
[judge] 27900/30000  kept=6332
[judge] 27910/30000  kept=6333
[judge] 27920/30000  kept=6335
[judge] 27930/30000  kept=6336
[judge] 27940/30000  kept=6337
[judge] 27950/30000  kept=6338
[judge] 27960/30000  kept=6339
[judge] 27970/30000  kept=6340
[judge] 27980/30000  kept=6341
[judge] 27990/30000  kept=6342
[judge] 28000/30000  kept=6343
[judge] 28010/30000  kept=6343
[judge] 28020/30000  kept=6343
[judge] 28030/30000  kept=6344
[judge] 28040/30000  kept=6345
[judge] 28050/30000  kept=6346
[judge] 28060/30000  kept=6347
[judge] 28070/30000  kept=6348
[judge] 28080/30000  kept=6348
[judge] 28090/30000  kept=6349
[judge] 28100/30000  kept=6349
[judge] 28110/30000  kept=6349
[judge] 28120/30000  kept=6350
[judge] 28130/30000  kept=6350
[judge] 28140/30000  kept=6351
[judge] 28150/30000  kept=6353
[judge] 28160/30000  kept=6354
[judge] 28170/30000  kept=6355
[judge] 28180/30000  kept=6356
[judge] 28190/30000  kept=6358
[judge] 28200/30000  kept=6359
[judge] 28210/30000  kept=6360
[judge] 28220/30000  kept=6361
[judge] 28230/30000  kept=6361
[judge] 28240/30000  kept=6363
[judge] 28250/30000  kept=6364
[judge] 28260/30000  kept=6366
[judge] 28270/30000  kept=6367
[judge] 28280/30000  kept=6369
[judge] 28290/30000  kept=6369
[judge] 28300/30000  kept=6371
[judge] 28310/30000  kept=6373
[judge] 28320/30000  kept=6374
[judge] 28330/30000  kept=6375
[judge] 28340/30000  kept=6376
[judge] 28350/30000  kept=6376
[judge] 28360/30000  kept=6378
[judge] 28370/30000  kept=6379
[judge] 28380/30000  kept=6380
[judge] 28390/30000  kept=6380
[judge] 28400/30000  kept=6381
[judge] 28410/30000  kept=6381
[judge] 28420/30000  kept=6383
[judge] 28430/30000  kept=6384
[judge] 28440/30000  kept=6384
[judge] 28450/30000  kept=6384
[judge] 28460/30000  kept=6385
[judge] 28470/30000  kept=6385
[judge] 28480/30000  kept=6386
[judge] batch 28480 failed (Connection error.); skip
[judge] 28500/30000  kept=6386
[judge] 28510/30000  kept=6388
[judge] 28520/30000  kept=6388
[judge] 28530/30000  kept=6388
[judge] 28540/30000  kept=6389
[judge] 28550/30000  kept=6390
[judge] 28560/30000  kept=6390
[judge] 28570/30000  kept=6391
[judge] 28580/30000  kept=6391
[judge] 28590/30000  kept=6393
[judge] 28600/30000  kept=6393
[judge] 28610/30000  kept=6395
[judge] 28620/30000  kept=6395
[judge] 28630/30000  kept=6396
[judge] 28640/30000  kept=6396
[judge] 28650/30000  kept=6398
[judge] 28660/30000  kept=6398
[judge] 28670/30000  kept=6398
[judge] 28680/30000  kept=6399
[judge] 28690/30000  kept=6401
[judge] 28700/30000  kept=6401
[judge] 28710/30000  kept=6402
[judge] 28720/30000  kept=6405
[judge] 28730/30000  kept=6406
[judge] 28740/30000  kept=6408
[judge] 28750/30000  kept=6409
[judge] 28760/30000  kept=6409
[judge] 28770/30000  kept=6410
[judge] 28780/30000  kept=6411
[judge] 28790/30000  kept=6414
[judge] 28800/30000  kept=6416
[judge] 28810/30000  kept=6417
[judge] 28820/30000  kept=6417
[judge] 28830/30000  kept=6417
[judge] 28840/30000  kept=6417
[judge] 28850/30000  kept=6418
[judge] 28860/30000  kept=6420
[judge] 28870/30000  kept=6422
[judge] 28880/30000  kept=6422
[judge] 28890/30000  kept=6423
[judge] 28900/30000  kept=6424
[judge] 28910/30000  kept=6426
[judge] 28920/30000  kept=6428
[judge] 28930/30000  kept=6429
[judge] 28940/30000  kept=6429
[judge] 28950/30000  kept=6429
[judge] 28960/30000  kept=6431
[judge] 28970/30000  kept=6433
[judge] 28980/30000  kept=6433
[judge] 28990/30000  kept=6433
[judge] 29000/30000  kept=6434
[judge] 29010/30000  kept=6434
[judge] 29020/30000  kept=6435
[judge] 29030/30000  kept=6436
[judge] 29040/30000  kept=6437
[judge] 29050/30000  kept=6438
[judge] 29060/30000  kept=6439
[judge] 29070/30000  kept=6439
[judge] 29080/30000  kept=6440
[judge] 29090/30000  kept=6442
[judge] 29100/30000  kept=6443
[judge] 29110/30000  kept=6444
[judge] 29120/30000  kept=6446
[judge] 29130/30000  kept=6446
[judge] 29140/30000  kept=6447
[judge] 29150/30000  kept=6449
[judge] 29160/30000  kept=6450
[judge] 29170/30000  kept=6450
[judge] 29180/30000  kept=6452
[judge] 29190/30000  kept=6453
[judge] 29200/30000  kept=6454
[judge] 29210/30000  kept=6454
[judge] 29220/30000  kept=6456
[judge] 29230/30000  kept=6457
[judge] 29240/30000  kept=6458
[judge] 29250/30000  kept=6458
[judge] 29260/30000  kept=6460
[judge] 29270/30000  kept=6461
[judge] 29280/30000  kept=6461
[judge] 29290/30000  kept=6461
[judge] 29300/30000  kept=6463
[judge] 29310/30000  kept=6464
[judge] 29320/30000  kept=6465
[judge] 29330/30000  kept=6466
[judge] 29340/30000  kept=6466
[judge] 29350/30000  kept=6468
[judge] 29360/30000  kept=6469
[judge] 29370/30000  kept=6469
[judge] 29380/30000  kept=6470
[judge] 29390/30000  kept=6472
[judge] 29400/30000  kept=6473
[judge] 29410/30000  kept=6474
[judge] 29420/30000  kept=6474
[judge] 29430/30000  kept=6474
[judge] 29440/30000  kept=6474
[judge] 29450/30000  kept=6475
[judge] 29460/30000  kept=6475
[judge] 29470/30000  kept=6477
[judge] 29480/30000  kept=6479
[judge] 29490/30000  kept=6479
[judge] 29500/30000  kept=6480
[judge] 29510/30000  kept=6481
[judge] 29520/30000  kept=6482
[judge] 29530/30000  kept=6482
[judge] 29540/30000  kept=6482
[judge] 29550/30000  kept=6483
[judge] 29560/30000  kept=6483
[judge] 29570/30000  kept=6483
[judge] 29580/30000  kept=6486
[judge] 29590/30000  kept=6486
[judge] 29600/30000  kept=6486
[judge] 29610/30000  kept=6488
[judge] 29620/30000  kept=6489
[judge] 29630/30000  kept=6490
[judge] 29640/30000  kept=6490
[judge] 29650/30000  kept=6490
[judge] 29660/30000  kept=6492
[judge] 29670/30000  kept=6493
[judge] 29680/30000  kept=6493
[judge] 29690/30000  kept=6494
[judge] 29700/30000  kept=6495
[judge] 29710/30000  kept=6495
[judge] 29720/30000  kept=6495
[judge] 29730/30000  kept=6495
[judge] 29740/30000  kept=6495
[judge] 29750/30000  kept=6497
[judge] 29760/30000  kept=6500
[judge] 29770/30000  kept=6501
[judge] 29780/30000  kept=6501
[judge] 29790/30000  kept=6501
[judge] 29800/30000  kept=6502
[judge] 29810/30000  kept=6503
[judge] 29820/30000  kept=6503
[judge] 29830/30000  kept=6505
[judge] 29840/30000  kept=6505
[judge] 29850/30000  kept=6505
[judge] 29860/30000  kept=6505
[judge] 29870/30000  kept=6506
[judge] 29880/30000  kept=6507
[judge] 29890/30000  kept=6509
[judge] 29900/30000  kept=6511
[judge] 29910/30000  kept=6511
[judge] 29920/30000  kept=6512
[judge] 29930/30000  kept=6512
[judge] 29940/30000  kept=6514
[judge] 29950/30000  kept=6514
[judge] 29960/30000  kept=6515
[judge] 29970/30000  kept=6515
[judge] 29980/30000  kept=6516
[judge] 29990/30000  kept=6516
[judge] 30000/30000  kept=6517
[pos] 6517 positive cross-paper pairs
[save] data/stages/02_msu/llm_pairs_30k.json  train_pos=5214  test_pos=1303
