[A] MSU 538/2689 (20.0%)  pair 534/2619 (20.4%)
[B] MSU 687/3425 (20.1%)  pair 258/1109 (23.3%)
[C] MSU 1067/5415 (19.7%)  pair 425/2015 (21.1%)
  [A/msu/r1] 10/538
  [A/msu/r1] 160/538
  [A/msu/r1] 310/538
  [A/msu/r1] 460/538
  [A/pair/r1] 10/534
  [A/pair/r1] 160/534
  [A/pair/r1] 310/534
  [A/pair/r1] 460/534
  [A/msu/r2] 10/538
  [A/msu/r2] 160/538
  [A/msu/r2] 310/538
  [A/msu/r2] 460/538
  [A/pair/r2] 10/534
  [A/pair/r2] 160/534
  [A/pair/r2] 310/534
  [A/pair/r2] 460/534
  [B/msu/r1] 10/687
  [B/msu/r1] 160/687
  [B/msu/r1] 310/687
  [B/msu/r1] 460/687
  [B/msu/r1] 610/687
  [B/pair/r1] 10/258
  [B/pair/r1] 160/258
  [B/msu/r2] 10/687
  [B/msu/r2] 160/687
  [B/msu/r2] 310/687
  [B/msu/r2] 460/687
  [B/msu/r2] 610/687
  [B/pair/r2] 10/258
  [B/pair/r2] 160/258
  [C/msu/r1] 10/1067
  [C/msu/r1] 160/1067
  [C/msu/r1] 310/1067
  [C/msu/r1] 460/1067
  [C/msu/r1] 610/1067
  [C/msu/r1] 760/1067
  [C/msu/r1] 910/1067
  [C/msu/r1] 1060/1067
  [C/pair/r1] 10/425
  [C/pair/r1] 160/425
  [C/pair/r1] 310/425
  [C/msu/r2] 10/1067
  [C/msu/r2] 160/1067
  [C/msu/r2] 310/1067
  [C/msu/r2] 460/1067
  [C/msu/r2] 610/1067
  [C/msu/r2] 760/1067
  [C/msu/r2] 910/1067
  [C/msu/r2] 1060/1067
  [C/pair/r2] 10/425
  [C/pair/r2] 160/425
  [C/pair/r2] 310/425

[saved] results/audit_multi_raw.json
