====================================================================================
A. 留一篇法：剔除某篇后，监督增益是否还在（检验是否靠单篇撑起）
====================================================================================
剔除的论文                                            MSU    对     无监督     +监督      增益
------------------------------------------------------------------------------------
AuraGenome_An_LLM-Powered_Framework_for_On-t     623  296   0.318   0.470     48%
CGView.js Circular Genome Visualization in t     131  386   0.321   0.435     35%
Circos an Information Aesthetic for Comparat     420  352   0.315   0.443     41%
Computer Graphics Forum - 2024 - Ståhlbom -      570  321   0.321   0.408     27%
GenoREC_A_Recommendation_System_for_Interact     719  273   0.282   0.414     47%
GlyphCreator_Towards_Example-based_Automatic     863  337   0.329   0.448     36%
Gosling                                          830  282   0.287   0.461     60%
HERA Interactive Circular Comparison of Plas     255  362   0.320   0.445     39%
IntelliCircos                                    762  276   0.297   0.399     34%
NG-Circos Next-generation Circos for Data Vi     112  378   0.304   0.431     42%
bioinformatics_32_11_1740                        115  377   0.326   0.438     34%
interacCircos An R Package Based on JavaScri      15  403   0.308   0.434     41%

留一增益范围 [27%, 60%]  中位数 40%  全部为正: True

====================================================================================
B. 双领域同协议并排（各自语料重拟合，各自留出对）
====================================================================================
语料                       篇    MSU    留出对      无监督     +监督      增益          trust↑        knnOv↑
----------------------------------------------------------------------------------------------------
空气污染 (开发语料)              6   2689    267    0.243   0.326     34%   0.930->0.934   0.303->0.304
生信 (未见领域)               12   5415    403    0.308   0.434     41%   0.875->0.939   0.210->0.286

saved -> results/bio_loo.json
