生信语料 N=5415  论文 12 篇  留出对应对 403  k=12  随机基线≈0.0022

========================================================================
1. 全量（12 篇，403 留出对）
========================================================================
布局                         |  trust  knnOv  Co-loc@12
------------------------------------------------------------
无对应监督 (t-SNE only)         |  0.875  0.210      0.308
+对应监督 (v11 hybrid)         |  0.939  0.286      0.434

对应监督增益: 0.308 -> 0.434  (+41%)

========================================================================
2. 留出对 bootstrap (R=1000, 配对)
========================================================================
无对应监督 (t-SNE only)         Co-loc = 0.309 ± 0.022   95%CI [0.266, 0.350]
+对应监督 (v11 hybrid)         Co-loc = 0.434 ± 0.024   95%CI [0.387, 0.481]

配对差值 (监督 - 无监督)            = 0.126 ± 0.026   95%CI [0.077, 0.174]
差值 <= 0 的重抽样比例             = 0.0000   -> 显著

========================================================================
3. 重复论文子抽样 (每轮 6/12 篇, R=30)
========================================================================
有效轮次 30/30   子集规模 MSU 2560±465, 对 87±31

无对应监督 (t-SNE only)         Co-loc = 0.339 ± 0.069   [0.178, 0.452]
+对应监督 (v11 hybrid)         Co-loc = 0.459 ± 0.074   [0.309, 0.564]

配对差值                       = 0.120 ± 0.078   监督更优的轮次 = 26/30
相对增益                       = 40% ± 29%   [-12%, 93%]

saved -> /Users/yudong/Desktop/SeSMap/SeSMap-backend/results/bio_replication.json
