held-out pairs = 523   corpus = A (6 papers, 2,689 MSUs)

 scale     N   hex-adj   Co-loc@N   |diff|     hex-adj  Co-loc@N   |diff|
                        --- supervised ---             -- unsupervised --
    13     6     0.161      0.189    0.029       0.122     0.134    0.011
    19    11     0.258      0.258    0.000       0.187     0.184    0.004
    25    18     0.321      0.317    0.004       0.247     0.229    0.017
    32    29     0.392      0.375    0.017       0.287     0.279    0.008
    45    54     0.472      0.457    0.015       0.350     0.371    0.021
    60    93     0.554      0.514    0.040       0.442     0.430    0.011

最大绝对差异 = 0.040   （6 个分辨率 × 有/无监督两种布局，共 12 次比较）
平均绝对差异 = 0.015

==================================================================
各分辨率下对应监督带来的提升（可见邻接口径）
==================================================================
 scale     N    unsup.     +sup     gain
    13     6     0.122    0.161      31%
    19    11     0.187    0.258      38%
    25    18     0.247    0.321      30%
    32    29     0.287    0.392      37%
    45    54     0.350    0.472      35%
    60    93     0.442    0.554      26%
