############ lambda_con=0.0 seed=1 ############
[v11] N=6113 dim=1024 | lambda_tsne=1.0 lambda_con=0.0
[v11] positives: train=2984 test(held-out)=744 | pairs meta=pairs are ROW indices into merged EMB_CACHE
[P] loaded cache data/merged13/stages/05_model/tsne_P_perp30.npy
[P] ready (6113, 6113)
[v11] it 0001/1500 loss=5.0679 trust=0.664 knnOv=0.015 BZrec@12_2d=0.016
[v11] it 0100/1500 loss=2.8912 trust=0.871 knnOv=0.150 BZrec@12_2d=0.102
[v11] it 0200/1500 loss=2.4639 trust=0.917 knnOv=0.228 BZrec@12_2d=0.142
[v11] it 0300/1500 loss=2.2501 trust=0.931 knnOv=0.254 BZrec@12_2d=0.152
[v11] it 0400/1500 loss=2.1271 trust=0.934 knnOv=0.265 BZrec@12_2d=0.151
[v11] it 0500/1500 loss=2.0353 trust=0.937 knnOv=0.271 BZrec@12_2d=0.161
[v11] it 0600/1500 loss=1.9710 trust=0.939 knnOv=0.275 BZrec@12_2d=0.161
[v11] it 0700/1500 loss=1.9236 trust=0.940 knnOv=0.278 BZrec@12_2d=0.153
[v11] it 0800/1500 loss=1.8839 trust=0.939 knnOv=0.279 BZrec@12_2d=0.164
[v11] it 0900/1500 loss=1.8582 trust=0.940 knnOv=0.280 BZrec@12_2d=0.167
[v11] it 1000/1500 loss=1.8423 trust=0.940 knnOv=0.281 BZrec@12_2d=0.164
[v11] it 1100/1500 loss=1.8225 trust=0.940 knnOv=0.281 BZrec@12_2d=0.176
[v11] it 1200/1500 loss=1.8104 trust=0.940 knnOv=0.282 BZrec@12_2d=0.169
[v11] it 1300/1500 loss=1.8063 trust=0.940 knnOv=0.282 BZrec@12_2d=0.168
[v11] it 1400/1500 loss=1.8023 trust=0.940 knnOv=0.282 BZrec@12_2d=0.169
[v11] it 1500/1500 loss=1.8002 trust=0.940 knnOv=0.283 BZrec@12_2d=0.169

[v11] FINAL trust=0.940 knnOv=0.283 {'n': 744, 'bz_recall@12_2d': 0.1693548387096774, 'bz_recall@12_highD': 0.5981182795698925}
[save] data/merged13/stages/05_model/m13_lam0.0_s1.pt
############ lambda_con=0.3 seed=1 ############
[v11] N=6113 dim=1024 | lambda_tsne=1.0 lambda_con=0.3
[v11] positives: train=2984 test(held-out)=744 | pairs meta=pairs are ROW indices into merged EMB_CACHE
[P] loaded cache data/merged13/stages/05_model/tsne_P_perp30.npy
[P] ready (6113, 6113)
[v11] it 0001/1500 loss=7.6797 trust=0.669 knnOv=0.016 BZrec@12_2d=0.022
[v11] it 0100/1500 loss=4.9274 trust=0.869 knnOv=0.140 BZrec@12_2d=0.151
[v11] it 0200/1500 loss=4.4196 trust=0.912 knnOv=0.210 BZrec@12_2d=0.242
[v11] it 0300/1500 loss=4.1573 trust=0.927 knnOv=0.234 BZrec@12_2d=0.269
[v11] it 0400/1500 loss=3.9977 trust=0.933 knnOv=0.244 BZrec@12_2d=0.266
[v11] it 0500/1500 loss=3.9128 trust=0.934 knnOv=0.250 BZrec@12_2d=0.276
[v11] it 0600/1500 loss=3.8230 trust=0.936 knnOv=0.252 BZrec@12_2d=0.288
[v11] it 0700/1500 loss=3.7742 trust=0.936 knnOv=0.254 BZrec@12_2d=0.296
[v11] it 0800/1500 loss=3.7318 trust=0.936 knnOv=0.254 BZrec@12_2d=0.293
[v11] it 0900/1500 loss=3.7048 trust=0.936 knnOv=0.255 BZrec@12_2d=0.293
[v11] it 1000/1500 loss=3.6815 trust=0.936 knnOv=0.256 BZrec@12_2d=0.290
[v11] it 1100/1500 loss=3.6647 trust=0.936 knnOv=0.256 BZrec@12_2d=0.290
[v11] it 1200/1500 loss=3.6478 trust=0.936 knnOv=0.257 BZrec@12_2d=0.290
[v11] it 1300/1500 loss=3.6488 trust=0.936 knnOv=0.256 BZrec@12_2d=0.294
[v11] it 1400/1500 loss=3.6387 trust=0.936 knnOv=0.256 BZrec@12_2d=0.289
[v11] it 1500/1500 loss=3.6399 trust=0.936 knnOv=0.256 BZrec@12_2d=0.289

[v11] FINAL trust=0.936 knnOv=0.256 {'n': 744, 'bz_recall@12_2d': 0.28897849462365593, 'bz_recall@12_highD': 0.5981182795698925}
[save] data/merged13/stages/05_model/m13_lam0.3_s1.pt
############ lambda_con=0.0 seed=2 ############
[v11] N=6113 dim=1024 | lambda_tsne=1.0 lambda_con=0.0
[v11] positives: train=2984 test(held-out)=744 | pairs meta=pairs are ROW indices into merged EMB_CACHE
[P] loaded cache data/merged13/stages/05_model/tsne_P_perp30.npy
[P] ready (6113, 6113)
[v11] it 0001/1500 loss=5.0676 trust=0.670 knnOv=0.015 BZrec@12_2d=0.009
[v11] it 0100/1500 loss=3.0665 trust=0.862 knnOv=0.128 BZrec@12_2d=0.089
[v11] it 0200/1500 loss=2.5928 trust=0.906 knnOv=0.209 BZrec@12_2d=0.114
[v11] it 0300/1500 loss=2.3684 trust=0.925 knnOv=0.246 BZrec@12_2d=0.132
[v11] it 0400/1500 loss=2.2200 trust=0.932 knnOv=0.258 BZrec@12_2d=0.141
[v11] it 0500/1500 loss=2.1303 trust=0.933 knnOv=0.267 BZrec@12_2d=0.155
[v11] it 0600/1500 loss=2.0844 trust=0.934 knnOv=0.268 BZrec@12_2d=0.159
[v11] it 0700/1500 loss=2.0016 trust=0.937 knnOv=0.274 BZrec@12_2d=0.167
[v11] it 0800/1500 loss=1.9609 trust=0.938 knnOv=0.277 BZrec@12_2d=0.163
[v11] it 0900/1500 loss=1.9426 trust=0.938 knnOv=0.277 BZrec@12_2d=0.159
[v11] it 1000/1500 loss=1.8979 trust=0.938 knnOv=0.280 BZrec@12_2d=0.168
[v11] it 1100/1500 loss=1.8787 trust=0.939 knnOv=0.281 BZrec@12_2d=0.160
[v11] it 1200/1500 loss=1.8669 trust=0.939 knnOv=0.281 BZrec@12_2d=0.168
[v11] it 1300/1500 loss=1.8610 trust=0.939 knnOv=0.281 BZrec@12_2d=0.165
[v11] it 1400/1500 loss=1.8512 trust=0.939 knnOv=0.281 BZrec@12_2d=0.165
[v11] it 1500/1500 loss=1.8516 trust=0.939 knnOv=0.281 BZrec@12_2d=0.164

[v11] FINAL trust=0.939 knnOv=0.281 {'n': 744, 'bz_recall@12_2d': 0.1639784946236559, 'bz_recall@12_highD': 0.5981182795698925}
[save] data/merged13/stages/05_model/m13_lam0.0_s2.pt
############ lambda_con=0.3 seed=2 ############
[v11] N=6113 dim=1024 | lambda_tsne=1.0 lambda_con=0.3
[v11] positives: train=2984 test(held-out)=744 | pairs meta=pairs are ROW indices into merged EMB_CACHE
[P] loaded cache data/merged13/stages/05_model/tsne_P_perp30.npy
[P] ready (6113, 6113)
[v11] it 0001/1500 loss=7.6805 trust=0.671 knnOv=0.015 BZrec@12_2d=0.016
[v11] it 0100/1500 loss=5.0253 trust=0.864 knnOv=0.132 BZrec@12_2d=0.141
[v11] it 0200/1500 loss=4.4895 trust=0.906 knnOv=0.204 BZrec@12_2d=0.227
[v11] it 0300/1500 loss=4.2129 trust=0.924 knnOv=0.231 BZrec@12_2d=0.246
[v11] it 0400/1500 loss=4.0351 trust=0.930 knnOv=0.242 BZrec@12_2d=0.254
[v11] it 0500/1500 loss=3.9282 trust=0.933 knnOv=0.248 BZrec@12_2d=0.272
[v11] it 0600/1500 loss=3.8564 trust=0.934 knnOv=0.248 BZrec@12_2d=0.270
[v11] it 0700/1500 loss=3.7917 trust=0.935 knnOv=0.252 BZrec@12_2d=0.278
[v11] it 0800/1500 loss=3.7441 trust=0.935 knnOv=0.252 BZrec@12_2d=0.282
[v11] it 0900/1500 loss=3.7114 trust=0.936 knnOv=0.253 BZrec@12_2d=0.269
[v11] it 1000/1500 loss=3.6851 trust=0.936 knnOv=0.253 BZrec@12_2d=0.267
[v11] it 1100/1500 loss=3.6711 trust=0.936 knnOv=0.255 BZrec@12_2d=0.270
[v11] it 1200/1500 loss=3.6524 trust=0.936 knnOv=0.254 BZrec@12_2d=0.267
[v11] it 1300/1500 loss=3.6480 trust=0.936 knnOv=0.255 BZrec@12_2d=0.267
[v11] it 1400/1500 loss=3.6495 trust=0.936 knnOv=0.255 BZrec@12_2d=0.269
[v11] it 1500/1500 loss=3.6539 trust=0.936 knnOv=0.255 BZrec@12_2d=0.269

[v11] FINAL trust=0.936 knnOv=0.255 {'n': 744, 'bz_recall@12_2d': 0.26881720430107525, 'bz_recall@12_highD': 0.5981182795698925}
[save] data/merged13/stages/05_model/m13_lam0.3_s2.pt
SEEDS_DONE
