merged13  N=6113  留出对=744

 scale     N   HSUs |  hex-adj  Co-loc@N  |diff|  |  hex-adj  Co-loc@N  |diff|
                    | ------ λ_corr=0.3 ------  |----- λ_corr=0 (unsup) -----
----------------------------------------------------------------------------------
    13    12   2647 |    0.284     0.289   0.005  |    0.155     0.161   0.007
    19    23   1687 |    0.383     0.387   0.004  |    0.223     0.224   0.001
    25    38   1078 |    0.440     0.437   0.003  |    0.278     0.272   0.007
    32    59    694 |    0.492     0.485   0.007  |    0.312     0.310   0.001
    45   114    373 |    0.547     0.558   0.011  |    0.406     0.395   0.011
    60   202    219 |    0.633     0.630   0.003  |    0.473     0.473   0.000
----------------------------------------------------------------------------------
最大绝对差异 = 0.011   平均 = 0.005   （6 分辨率 × 2 布局 = 12 次比较）

 scale     N    unsup    +corr     gain
    13    12    0.155    0.284      83%
    19    23    0.223    0.383      72%
    25    38    0.278    0.440      58%
    32    59    0.312    0.492      58%
    45   114    0.406    0.547      35%
    60   202    0.473    0.633      34%

saved -> results/merged13_hexknn.json
